Jan 11 15:05:51 HP-Laptop-15-bw0xx nautilus[6504]: g_queue_foreach: assertion 'queue != NULL' failed
Jan 11 15:05:51 HP-Laptop-15-bw0xx nautilus[6504]: g_queue_free: assertion 'queue != NULL' failed
Jan 11 15:05:51 HP-Laptop-15-bw0xx nautilus[6504]: g_queue_foreach: assertion 'queue != NULL' failed
Jan 11 15:05:51 HP-Laptop-15-bw0xx nautilus[6504]: g_queue_free: assertion 'queue != NULL' failed
Jan 11 15:05:51 HP-Laptop-15-bw0xx gvfsd[1156]: Error calling org.gtk.vfs.MonitorClient.Changed(): Интерфейс «org.gtk.vfs.MonitorClient» для пути /org/gtk/vfs/client/filemonitor/4 объекта не найден (g-dbus-error-quark, 19)
Jan 11 15:06:03 HP-Laptop-15-bw0xx gsd-print-notif[1280]: Source ID 2 was not found when attempting to remove it
Jan 11 15:06:03 HP-Laptop-15-bw0xx systemd[903]: Stopping D-Bus User Message Bus...
Jan 11 15:06:03 HP-Laptop-15-bw0xx gnome-shell[1119]: gnome-shell: Fatal IO error 11 (Ресурс временно недоступен) on X server :0.
Jan 11 15:06:03 HP-Laptop-15-bw0xx gnome-session[983]: gnome-session-binary[983]: WARNING: Lost name on bus: org.gnome.SessionManager
Jan 11 15:06:03 HP-Laptop-15-bw0xx gnome-session[983]: gnome-session-binary[983]: CRITICAL: We failed, but the fail whale is dead. Sorry....
Jan 11 15:06:03 HP-Laptop-15-bw0xx gnome-session-binary[983]: WARNING: Lost name on bus: org.gnome.SessionManager
Jan 11 15:06:03 HP-Laptop-15-bw0xx gnome-session-binary[983]: CRITICAL: We failed, but the fail whale is dead. Sorry....
Jan 11 15:06:03 HP-Laptop-15-bw0xx gsd-power[1279]: gsd-power: Fatal IO error 11 (Ресурс временно недоступен) on X server :0.
Jan 11 15:06:03 HP-Laptop-15-bw0xx bluetoothd[763]: Endpoint unregistered: sender=:1.38 path=/MediaEndpoint/A2DPSource
Jan 11 15:06:03 HP-Laptop-15-bw0xx bluetoothd[763]: Endpoint unregistered: sender=:1.38 path=/MediaEndpoint/A2DPSink
Jan 11 15:06:03 HP-Laptop-15-bw0xx gsd-wacom[1303]: gsd-wacom: Fatal IO error 11 (Ресурс временно недоступен) on X server :0.
Jan 11 15:06:03 HP-Laptop-15-bw0xx gsd-clipboard[1314]: gsd-clipboard: Fatal IO error 11 (Ресурс временно недоступен) on X server :0.
Jan 11 15:06:03 HP-Laptop-15-bw0xx gsd-keyboard[1322]: gsd-keyboard: Fatal IO error 11 (Ресурс временно недоступен) on X server :0.
Jan 11 15:06:03 HP-Laptop-15-bw0xx gsd-xsettings[1298]: gsd-xsettings: Fatal IO error 11 (Ресурс временно недоступен) on X server :0.
Jan 11 15:06:03 HP-Laptop-15-bw0xx gsd-color[1315]: gsd-color: Fatal IO error 11 (Ресурс временно недоступен) on X server :0.
Jan 11 15:06:03 HP-Laptop-15-bw0xx gsd-media-keys[1324]: gsd-media-keys: Fatal IO error 11 (Ресурс временно недоступен) on X server :0.
Jan 11 15:06:03 HP-Laptop-15-bw0xx update-notifier[1619]: update-notifier: Fatal IO error 11 (Ресурс временно недоступен) on X server :0.
Jan 11 15:06:03 HP-Laptop-15-bw0xx /usr/lib/gdm3/gdm-x-session[930]: (**) Option "fd" "26"
Jan 11 15:06:03 HP-Laptop-15-bw0xx /usr/lib/gdm3/gdm-x-session[930]: (II) event2  - Power Button: device removed
Jan 11 15:06:03 HP-Laptop-15-bw0xx /usr/lib/gdm3/gdm-x-session[930]: (**) Option "fd" "29"
Jan 11 15:06:03 HP-Laptop-15-bw0xx /usr/lib/gdm3/gdm-x-session[930]: (II) event4  - Video Bus: device removed
Jan 11 15:06:03 HP-Laptop-15-bw0xx /usr/lib/gdm3/gdm-x-session[930]: (**) Option "fd" "30"
Jan 11 15:06:03 HP-Laptop-15-bw0xx /usr/lib/gdm3/gdm-x-session[930]: (II) event0  - Power Button: device removed
Jan 11 15:06:03 HP-Laptop-15-bw0xx /usr/lib/gdm3/gdm-x-session[930]: (**) Option "fd" "31"
Jan 11 15:06:03 HP-Laptop-15-bw0xx /usr/lib/gdm3/gdm-x-session[930]: (II) event14 - HP TrueVision HD Camera: HP Tru: device removed
Jan 11 15:06:03 HP-Laptop-15-bw0xx /usr/lib/gdm3/gdm-x-session[930]: (**) Option "fd" "32"
Jan 11 15:06:03 HP-Laptop-15-bw0xx /usr/lib/gdm3/gdm-x-session[930]: (II) event5  - Compx 2.4G Receiver: device removed
Jan 11 15:06:03 HP-Laptop-15-bw0xx /usr/lib/gdm3/gdm-x-session[930]: (**) Option "fd" "33"
Jan 11 15:06:03 HP-Laptop-15-bw0xx /usr/lib/gdm3/gdm-x-session[930]: (**) Option "fd" "34"
Jan 11 15:06:03 HP-Laptop-15-bw0xx /usr/lib/gdm3/gdm-x-session[930]: (II) event9  - Compx 2.4G Receiver System Control: device removed
Jan 11 15:06:03 HP-Laptop-15-bw0xx /usr/lib/gdm3/gdm-x-session[930]: (**) Option "fd" "35"
Jan 11 15:06:03 HP-Laptop-15-bw0xx /usr/lib/gdm3/gdm-x-session[930]: (II) event6  - Compx 2.4G Receiver Mouse: device removed
Jan 11 15:06:03 HP-Laptop-15-bw0xx /usr/lib/gdm3/gdm-x-session[930]: (**) Option "fd" "36"
Jan 11 15:06:03 HP-Laptop-15-bw0xx /usr/lib/gdm3/gdm-x-session[930]: (II) event3  - AT Translated Set 2 keyboard: device removed
Jan 11 15:06:03 HP-Laptop-15-bw0xx /usr/lib/gdm3/gdm-x-session[930]: (**) Option "fd" "37"
Jan 11 15:06:03 HP-Laptop-15-bw0xx /usr/lib/gdm3/gdm-x-session[930]: (II) event10 - SynPS/2 Synaptics TouchPad: device removed
Jan 11 15:06:03 HP-Laptop-15-bw0xx /usr/lib/gdm3/gdm-x-session[930]: (**) Option "fd" "38"
Jan 11 15:06:03 HP-Laptop-15-bw0xx /usr/lib/gdm3/gdm-x-session[930]: (II) event11 - HP Wireless hotkeys: device removed
Jan 11 15:06:03 HP-Laptop-15-bw0xx /usr/lib/gdm3/gdm-x-session[930]: (**) Option "fd" "39"
Jan 11 15:06:03 HP-Laptop-15-bw0xx /usr/lib/gdm3/gdm-x-session[930]: (II) event12 - HP WMI hotkeys: device removed
Jan 11 15:06:03 HP-Laptop-15-bw0xx /usr/lib/gdm3/gdm-x-session[930]: (**) Option "fd" "33"
Jan 11 15:06:03 HP-Laptop-15-bw0xx /usr/lib/gdm3/gdm-x-session[930]: (II) event8  - Compx 2.4G Receiver Consumer Control: device removed
Jan 11 15:06:03 HP-Laptop-15-bw0xx systemd[1]: Stopped target Sound Card.
Jan 11 15:06:03 HP-Laptop-15-bw0xx /usr/lib/gdm3/gdm-x-session[930]: (II) UnloadModule: "libinput"
Jan 11 15:06:03 HP-Laptop-15-bw0xx /usr/lib/gdm3/gdm-x-session[930]: (II) systemd-logind: not releasing fd for 13:72, still in use
Jan 11 15:06:03 HP-Laptop-15-bw0xx /usr/lib/gdm3/gdm-x-session[930]: (II) UnloadModule: "libinput"
Jan 11 15:06:03 HP-Laptop-15-bw0xx /usr/lib/gdm3/gdm-x-session[930]: (II) systemd-logind: releasing fd for 13:76
Jan 11 15:06:03 HP-Laptop-15-bw0xx systemd[1]: Stopped target Timers.
Jan 11 15:06:03 HP-Laptop-15-bw0xx systemd[1]: Stopping Thunderbolt system service...
Jan 11 15:06:03 HP-Laptop-15-bw0xx systemd[1]: Stopping Manage, Install and Generate Color Profiles...
Jan 11 15:06:03 HP-Laptop-15-bw0xx /usr/lib/gdm3/gdm-x-session[930]: (II) UnloadModule: "libinput"
Jan 11 15:06:03 HP-Laptop-15-bw0xx /usr/lib/gdm3/gdm-x-session[930]: (II) systemd-logind: releasing fd for 13:75
Jan 11 15:06:03 HP-Laptop-15-bw0xx systemd[1]: Stopping Daemon for power management...
Jan 11 15:06:03 HP-Laptop-15-bw0xx systemd[1]: Stopped Ubuntu Advantage Timer for running repeated jobs.
Jan 11 15:06:03 HP-Laptop-15-bw0xx systemd[1]: Stopped Daily apt upgrade and clean activities.
Jan 11 15:06:03 HP-Laptop-15-bw0xx systemd[1]: Stopped Daily apt download activities.
Jan 11 15:06:03 HP-Laptop-15-bw0xx systemd[1]: Stopping RealtimeKit Scheduling Policy Service...
Jan 11 15:06:03 HP-Laptop-15-bw0xx systemd[1]: Stopping ACPI event daemon...
Jan 11 15:06:03 HP-Laptop-15-bw0xx /usr/lib/gdm3/gdm-x-session[930]: (II) UnloadModule: "libinput"
Jan 11 15:06:03 HP-Laptop-15-bw0xx /usr/lib/gdm3/gdm-x-session[930]: (II) systemd-logind: releasing fd for 13:74
Jan 11 15:06:03 HP-Laptop-15-bw0xx systemd[1]: Stopped target Bluetooth.
Jan 11 15:06:03 HP-Laptop-15-bw0xx systemd[1]: Stopped Daily Cleanup of Temporary Directories.
Jan 11 15:06:03 HP-Laptop-15-bw0xx systemd[1]: Stopping Session 1 of user honest.
Jan 11 15:06:03 HP-Laptop-15-bw0xx systemd[1]: Removed slice system-getty.slice.
Jan 11 15:06:03 HP-Laptop-15-bw0xx systemd[1]: Closed Load/Save RF Kill Switch Status /dev/rfkill Watch.
Jan 11 15:06:03 HP-Laptop-15-bw0xx kernel: [ 7120.120066] rfkill: input handler enabled
Jan 11 15:06:03 HP-Laptop-15-bw0xx systemd[1]: Stopping Save/Restore Sound Card State...
Jan 11 15:06:03 HP-Laptop-15-bw0xx bluetoothd[763]: Terminating
Jan 11 15:06:03 HP-Laptop-15-bw0xx systemd[1]: Stopping Bluetooth service...
Jan 11 15:06:03 HP-Laptop-15-bw0xx org.gnome.Nautilus[980]: ###!!! [Parent][PBackgroundParent] Error: Send(msgname=PVsync::Msg_Notify) Channel error: cannot send/recv
Jan 11 15:06:03 HP-Laptop-15-bw0xx org.gnome.Nautilus[980]: message repeated 17 times: [ ###!!! [Parent][PBackgroundParent] Error: Send(msgname=PVsync::Msg_Notify) Channel error: cannot send/recv]
Jan 11 15:06:03 HP-Laptop-15-bw0xx systemd[1]: Stopped Discard unused blocks once a week.
Jan 11 15:06:03 HP-Laptop-15-bw0xx org.gnome.Nautilus[980]: ###!!! [Parent][PBackgroundParent] Error: Send(msgname=PVsync::Msg_Notify) Channel error: cannot send/recv
Jan 11 15:06:03 HP-Laptop-15-bw0xx org.gnome.Nautilus[980]: message repeated 17 times: [ ###!!! [Parent][PBackgroundParent] Error: Send(msgname=PVsync::Msg_Notify) Channel error: cannot send/recv]
Jan 11 15:06:03 HP-Laptop-15-bw0xx systemd[1]: Stopped Trigger anacron every hour.
Jan 11 15:06:03 HP-Laptop-15-bw0xx org.gnome.Nautilus[980]: ###!!! [Parent][PBackgroundParent] Error: Send(msgname=PVsync::Msg_Notify) Channel error: cannot send/recv
Jan 11 15:06:03 HP-Laptop-15-bw0xx org.gnome.Nautilus[980]: message repeated 17 times: [ ###!!! [Parent][PBackgroundParent] Error: Send(msgname=PVsync::Msg_Notify) Channel error: cannot send/recv]
Jan 11 15:06:03 HP-Laptop-15-bw0xx systemd[1]: Stopping User Manager for UID 1000...
Jan 11 15:06:03 HP-Laptop-15-bw0xx org.gnome.Nautilus[980]: ###!!! [Parent][PBackgroundParent] Error: Send(msgname=PVsync::Msg_Notify) Channel error: cannot send/recv
Jan 11 15:06:03 HP-Laptop-15-bw0xx org.gnome.Nautilus[980]: message repeated 17 times: [ ###!!! [Parent][PBackgroundParent] Error: Send(msgname=PVsync::Msg_Notify) Channel error: cannot send/recv]
Jan 11 15:06:03 HP-Laptop-15-bw0xx systemd[1]: Stopped Stop ureadahead data collection 45s after completed startup.
Jan 11 15:06:03 HP-Laptop-15-bw0xx snapd[784]: main.go:155: Exiting on terminated signal.
Jan 11 15:06:03 HP-Laptop-15-bw0xx org.gnome.Nautilus[980]: ###!!! [Parent][PBackgroundParent] Error: Send(msgname=PVsync::Msg_Notify) Channel error: cannot send/recv
Jan 11 15:06:03 HP-Laptop-15-bw0xx org.gnome.Nautilus[980]: message repeated 17 times: [ ###!!! [Parent][PBackgroundParent] Error: Send(msgname=PVsync::Msg_Notify) Channel error: cannot send/recv]
Jan 11 15:06:03 HP-Laptop-15-bw0xx systemd[1]: Stopped target Graphical Interface.
Jan 11 15:06:03 HP-Laptop-15-bw0xx org.gnome.Nautilus[980]: ###!!! [Parent][PBackgroundParent] Error: Send(msgname=PVsync::Msg_Notify) Channel error: cannot send/recv
Jan 11 15:06:03 HP-Laptop-15-bw0xx org.gnome.Nautilus[980]: message repeated 17 times: [ ###!!! [Parent][PBackgroundParent] Error: Send(msgname=PVsync::Msg_Notify) Channel error: cannot send/recv]
Jan 11 15:06:03 HP-Laptop-15-bw0xx systemd[1]: Stopping Disk Manager...
Jan 11 15:06:03 HP-Laptop-15-bw0xx ModemManager[777]: <info>  Caught signal, shutting down...
Jan 11 15:06:03 HP-Laptop-15-bw0xx org.gnome.Nautilus[980]: ###!!! [Parent][PBackgroundParent] Error: Send(msgname=PVsync::Msg_Notify) Channel error: cannot send/recv
Jan 11 15:06:03 HP-Laptop-15-bw0xx org.gnome.Nautilus[980]: message repeated 17 times: [ ###!!! [Parent][PBackgroundParent] Error: Send(msgname=PVsync::Msg_Notify) Channel error: cannot send/recv]
Jan 11 15:06:03 HP-Laptop-15-bw0xx systemd[1]: Stopping GNOME Display Manager...
Jan 11 15:06:03 HP-Laptop-15-bw0xx org.gnome.Nautilus[980]: ###!!! [Parent][PBackgroundParent] Error: Send(msgname=PVsync::Msg_Notify) Channel error: cannot send/recv
Jan 11 15:06:03 HP-Laptop-15-bw0xx org.gnome.Nautilus[980]: message repeated 17 times: [ ###!!! [Parent][PBackgroundParent] Error: Send(msgname=PVsync::Msg_Notify) Channel error: cannot send/recv]
Jan 11 15:06:03 HP-Laptop-15-bw0xx systemd[1]: Stopping Accounts Service...
Jan 11 15:06:03 HP-Laptop-15-bw0xx org.gnome.Nautilus[980]: ###!!! [Parent][PBackgroundParent] Error: Send(msgname=PVsync::Msg_Notify) Channel error: cannot send/recv
Jan 11 15:06:03 HP-Laptop-15-bw0xx org.gnome.Nautilus[980]: message repeated 17 times: [ ###!!! [Parent][PBackgroundParent] Error: Send(msgname=PVsync::Msg_Notify) Channel error: cannot send/recv]
Jan 11 15:06:03 HP-Laptop-15-bw0xx systemd[1]: Stopped target Multi-User System.
Jan 11 15:06:03 HP-Laptop-15-bw0xx org.gnome.Nautilus[980]: ###!!! [Parent][PBackgroundParent] Error: Send(msgname=PVsync::Msg_Notify) Channel error: cannot send/recv
Jan 11 15:06:03 HP-Laptop-15-bw0xx org.gnome.Nautilus[980]: message repeated 17 times: [ ###!!! [Parent][PBackgroundParent] Error: Send(msgname=PVsync::Msg_Notify) Channel error: cannot send/recv]
Jan 11 15:06:03 HP-Laptop-15-bw0xx systemd[1]: Stopping LSB: automatic crash report generation...
Jan 11 15:06:03 HP-Laptop-15-bw0xx org.gnome.Nautilus[980]: ###!!! [Parent][PBackgroundParent] Error: Send(msgname=PVsync::Msg_Notify) Channel error: cannot send/recv
Jan 11 15:06:53 HP-Laptop-15-bw0xx systemd[1]: Started udev Coldplug all Devices.
Jan 11 15:06:53 HP-Laptop-15-bw0xx systemd[1]: Started Uncomplicated firewall.
Jan 11 15:06:53 HP-Laptop-15-bw0xx systemd[1]: Started Remount Root and Kernel File Systems.
Jan 11 15:06:53 HP-Laptop-15-bw0xx systemd[1]: Starting Flush Journal to Persistent Storage...
Jan 11 15:06:53 HP-Laptop-15-bw0xx systemd[1]: Starting Load/Save Random Seed...
Jan 11 15:06:53 HP-Laptop-15-bw0xx mtp-probe: checking bus 2, device 2: "/sys/devices/pci0000:00/0000:00:10.0/usb2/2-1"
Jan 11 15:06:53 HP-Laptop-15-bw0xx systemd[1]: Started Set the console keyboard layout.
Jan 11 15:06:53 HP-Laptop-15-bw0xx mtp-probe: bus: 2, device: 2 was not an MTP device
Jan 11 15:06:53 HP-Laptop-15-bw0xx systemd[1]: Started Load/Save Random Seed.
Jan 11 15:06:53 HP-Laptop-15-bw0xx mtp-probe: checking bus 1, device 3: "/sys/devices/pci0000:00/0000:00:12.0/usb1/1-1/1-1.1"
Jan 11 15:06:53 HP-Laptop-15-bw0xx systemd-modules-load[233]: Inserted module 'lp'
Jan 11 15:06:53 HP-Laptop-15-bw0xx mtp-probe: bus: 1, device: 3 was not an MTP device
Jan 11 15:06:53 HP-Laptop-15-bw0xx systemd-modules-load[233]: Inserted module 'ppdev'
Jan 11 15:06:53 HP-Laptop-15-bw0xx systemd-modules-load[233]: Inserted module 'parport_pc'
Jan 11 15:06:53 HP-Laptop-15-bw0xx systemd[1]: Started Load Kernel Modules.
Jan 11 15:06:53 HP-Laptop-15-bw0xx systemd[1]: Starting Apply Kernel Variables...
Jan 11 15:06:53 HP-Laptop-15-bw0xx systemd[1]: Mounting FUSE Control File System...
Jan 11 15:06:53 HP-Laptop-15-bw0xx systemd[1]: Mounting Kernel Configuration File System...
Jan 11 15:06:53 HP-Laptop-15-bw0xx systemd[1]: Mounted FUSE Control File System.
Jan 11 15:06:53 HP-Laptop-15-bw0xx systemd[1]: Mounted Kernel Configuration File System.
Jan 11 15:06:53 HP-Laptop-15-bw0xx systemd[1]: Started Apply Kernel Variables.
Jan 11 15:06:53 HP-Laptop-15-bw0xx systemd[1]: Started Create Static Device Nodes in /dev.
Jan 11 15:06:53 HP-Laptop-15-bw0xx systemd[1]: Starting udev Kernel Device Manager...
Jan 11 15:06:53 HP-Laptop-15-bw0xx systemd[1]: Reached target Local File Systems (Pre).
Jan 11 15:06:53 HP-Laptop-15-bw0xx systemd[1]: Mounting Mount unit for gnome-system-monitor...
Jan 11 15:06:53 HP-Laptop-15-bw0xx systemd[1]: Mounting Mount unit for gnome-3-26-1604...
Jan 11 15:06:53 HP-Laptop-15-bw0xx systemd[1]: Mounting Mount unit for core...
Jan 11 15:06:53 HP-Laptop-15-bw0xx systemd[1]: Mounting Mount unit for core...
Jan 11 15:06:53 HP-Laptop-15-bw0xx systemd[1]: Mounting Mount unit for gnome-logs...
Jan 11 15:06:53 HP-Laptop-15-bw0xx systemd[1]: Mounting Mount unit for gnome-characters...
Jan 11 15:06:53 HP-Laptop-15-bw0xx systemd[1]: Mounting Mount unit for gnome-3-26-1604, revision 104...
Jan 11 15:06:53 HP-Laptop-15-bw0xx kernel: [    0.000000] Linux version 5.4.0-92-generic (buildd@lcy01-amd64-026) (gcc version 7.5.0 (Ubuntu 7.5.0-3ubuntu1~18.04)) #103~18.04.2-Ubuntu SMP Wed Dec 1 16:50:36 UTC 2021 (Ubuntu 5.4.0-92.103~18.04.2-generic 5.4.157)
Jan 11 15:06:53 HP-Laptop-15-bw0xx systemd[1]: Mounting Mount unit for gnome-calculator...
Jan 11 15:06:53 HP-Laptop-15-bw0xx systemd[1]: Mounted Mount unit for core.
Jan 11 15:06:53 HP-Laptop-15-bw0xx kernel: [    0.000000] Command line: BOOT_IMAGE=/boot/vmlinuz-5.4.0-92-generic root=UUID=c261fc1d-21f9-4247-8e68-025fc9a38f8f ro quiet splash vt.handoff=1
Jan 11 15:06:53 HP-Laptop-15-bw0xx systemd[1]: Mounted Mount unit for gnome-system-monitor.
Jan 11 15:06:53 HP-Laptop-15-bw0xx kernel: [    0.000000] KERNEL supported cpus:
Jan 11 15:06:53 HP-Laptop-15-bw0xx kernel: [    0.000000]   Intel GenuineIntel
Jan 11 15:06:53 HP-Laptop-15-bw0xx systemd[1]: Mounted Mount unit for core.
Jan 11 15:06:53 HP-Laptop-15-bw0xx kernel: [    0.000000]   AMD AuthenticAMD
Jan 11 15:06:53 HP-Laptop-15-bw0xx kernel: [    0.000000]   Hygon HygonGenuine
Jan 11 15:06:53 HP-Laptop-15-bw0xx kernel: [    0.000000]   Centaur CentaurHauls
Jan 11 15:06:53 HP-Laptop-15-bw0xx kernel: [    0.000000]   zhaoxin   Shanghai  
Jan 11 15:06:53 HP-Laptop-15-bw0xx systemd[1]: Mounted Mount unit for gnome-logs.
Jan 11 15:06:53 HP-Laptop-15-bw0xx kernel: [    0.000000] random: get_random_u32 called from bsp_init_amd+0x213/0x2d0 with crng_init=0
Jan 11 15:06:53 HP-Laptop-15-bw0xx kernel: [    0.000000] x86/fpu: Supporting XSAVE feature 0x001: 'x87 floating point registers'
Jan 11 15:06:53 HP-Laptop-15-bw0xx kernel: [    0.000000] x86/fpu: Supporting XSAVE feature 0x002: 'SSE registers'
Jan 11 15:06:53 HP-Laptop-15-bw0xx systemd[1]: Mounted Mount unit for gnome-calculator.
Jan 11 15:06:53 HP-Laptop-15-bw0xx kernel: [    0.000000] x86/fpu: Supporting XSAVE feature 0x004: 'AVX registers'
Jan 11 15:06:53 HP-Laptop-15-bw0xx kernel: [    0.000000] x86/fpu: xstate_offset[2]:  576, xstate_sizes[2]:  256
Jan 11 15:06:53 HP-Laptop-15-bw0xx kernel: [    0.000000] x86/fpu: Enabled xstate features 0x7, context size is 832 bytes, using 'standard' format.
Jan 11 15:06:53 HP-Laptop-15-bw0xx systemd[1]: Mounted Mount unit for gnome-3-26-1604.
Jan 11 15:06:53 HP-Laptop-15-bw0xx kernel: [    0.000000] BIOS-provided physical RAM map:
Jan 11 15:06:53 HP-Laptop-15-bw0xx kernel: [    0.000000] BIOS-e820: [mem 0x0000000000000000-0x0000000000087fff] usable
Jan 11 15:06:53 HP-Laptop-15-bw0xx kernel: [    0.000000] BIOS-e820: [mem 0x0000000000088000-0x00000000000bffff] reserved
Jan 11 15:06:53 HP-Laptop-15-bw0xx systemd[1]: Mounted Mount unit for gnome-3-26-1604, revision 104.
Jan 11 15:06:53 HP-Laptop-15-bw0xx kernel: [    0.000000] BIOS-e820: [mem 0x0000000000100000-0x00000000dee0efff] usable
Jan 11 15:06:53 HP-Laptop-15-bw0xx kernel: [    0.000000] BIOS-e820: [mem 0x00000000dee0f000-0x00000000df87efff] reserved
Jan 11 15:06:53 HP-Laptop-15-bw0xx kernel: [    0.000000] BIOS-e820: [mem 0x00000000df87f000-0x00000000dfb7efff] ACPI NVS
Jan 11 15:06:53 HP-Laptop-15-bw0xx systemd[1]: Mounted Mount unit for gnome-characters.
Jan 11 15:06:53 HP-Laptop-15-bw0xx kernel: [    0.000000] BIOS-e820: [mem 0x00000000dfb7f000-0x00000000dfbfefff] ACPI data
Jan 11 15:06:53 HP-Laptop-15-bw0xx kernel: [    0.000000] BIOS-e820: [mem 0x00000000dfbff000-0x00000000dfbfffff] usable
Jan 11 15:06:53 HP-Laptop-15-bw0xx kernel: [    0.000000] BIOS-e820: [mem 0x00000000dfc00000-0x00000000dfffffff] reserved
Jan 11 15:06:53 HP-Laptop-15-bw0xx systemd[1]: Started udev Kernel Device Manager.
Jan 11 15:06:53 HP-Laptop-15-bw0xx kernel: [    0.000000] BIOS-e820: [mem 0x00000000f0100000-0x00000000f01fffff] reserved
Jan 11 15:06:53 HP-Laptop-15-bw0xx kernel: [    0.000000] BIOS-e820: [mem 0x00000000f8000000-0x00000000fbffffff] reserved
Jan 11 15:06:53 HP-Laptop-15-bw0xx kernel: [    0.000000] BIOS-e820: [mem 0x00000000fec00000-0x00000000fec00fff] reserved
Jan 11 15:06:53 HP-Laptop-15-bw0xx kernel: [    0.000000] BIOS-e820: [mem 0x00000000fec10000-0x00000000fec10fff] reserved
Jan 11 15:06:53 HP-Laptop-15-bw0xx kernel: [    0.000000] BIOS-e820: [mem 0x00000000fed80000-0x00000000fed80fff] reserved
Jan 11 15:06:53 HP-Laptop-15-bw0xx kernel: [    0.000000] BIOS-e820: [mem 0x00000000fee00000-0x00000000fee00fff] reserved
Jan 11 15:06:53 HP-Laptop-15-bw0xx kernel: [    0.000000] BIOS-e820: [mem 0x00000000ff800000-0x00000000ffffffff] reserved
Jan 11 15:06:53 HP-Laptop-15-bw0xx kernel: [    0.000000] BIOS-e820: [mem 0x0000000100000000-0x00000001feffffff] usable
Jan 11 15:06:53 HP-Laptop-15-bw0xx kernel: [    0.000000] BIOS-e820: [mem 0x00000001ff000000-0x000000021effffff] reserved
Jan 11 15:06:53 HP-Laptop-15-bw0xx kernel: [    0.000000] NX (Execute Disable) protection: active
Jan 11 15:06:53 HP-Laptop-15-bw0xx kernel: [    0.000000] e820: update [mem 0xd4a41018-0xd4a50c57] usable ==> usable
Jan 11 15:06:53 HP-Laptop-15-bw0xx kernel: [    0.000000] e820: update [mem 0xd4a41018-0xd4a50c57] usable ==> usable
Jan 11 15:06:53 HP-Laptop-15-bw0xx kernel: [    0.000000] e820: update [mem 0xd4a33018-0xd4a40857] usable ==> usable
Jan 11 15:06:53 HP-Laptop-15-bw0xx kernel: [    0.000000] e820: update [mem 0xd4a33018-0xd4a40857] usable ==> usable
Jan 11 15:06:53 HP-Laptop-15-bw0xx kernel: [    0.000000] extended physical RAM map:
Jan 11 15:06:53 HP-Laptop-15-bw0xx kernel: [    0.000000] reserve setup_data: [mem 0x0000000000000000-0x0000000000087fff] usable
Jan 11 15:06:53 HP-Laptop-15-bw0xx kernel: [    0.000000] reserve setup_data: [mem 0x0000000000088000-0x00000000000bffff] reserved
Jan 11 15:06:53 HP-Laptop-15-bw0xx kernel: [    0.000000] reserve setup_data: [mem 0x0000000000100000-0x00000000d4a33017] usable
Jan 11 15:06:53 HP-Laptop-15-bw0xx kernel: [    0.000000] reserve setup_data: [mem 0x00000000d4a33018-0x00000000d4a40857] usable
Jan 11 15:06:53 HP-Laptop-15-bw0xx kernel: [    0.000000] reserve setup_data: [mem 0x00000000d4a40858-0x00000000d4a41017] usable
Jan 11 15:06:53 HP-Laptop-15-bw0xx kernel: [    0.000000] reserve setup_data: [mem 0x00000000d4a41018-0x00000000d4a50c57] usable
Jan 11 15:06:53 HP-Laptop-15-bw0xx kernel: [    0.000000] reserve setup_data: [mem 0x00000000d4a50c58-0x00000000dee0efff] usable
Jan 11 15:06:53 HP-Laptop-15-bw0xx kernel: [    0.000000] reserve setup_data: [mem 0x00000000dee0f000-0x00000000df87efff] reserved
Jan 11 15:06:53 HP-Laptop-15-bw0xx kernel: [    0.000000] reserve setup_data: [mem 0x00000000df87f000-0x00000000dfb7efff] ACPI NVS
Jan 11 15:06:53 HP-Laptop-15-bw0xx kernel: [    0.000000] reserve setup_data: [mem 0x00000000dfb7f000-0x00000000dfbfefff] ACPI data
Jan 11 15:06:53 HP-Laptop-15-bw0xx kernel: [    0.000000] reserve setup_data: [mem 0x00000000dfbff000-0x00000000dfbfffff] usable
Jan 11 15:06:53 HP-Laptop-15-bw0xx kernel: [    0.000000] reserve setup_data: [mem 0x00000000dfc00000-0x00000000dfffffff] reserved
Jan 11 15:06:53 HP-Laptop-15-bw0xx kernel: [    0.000000] reserve setup_data: [mem 0x00000000f0100000-0x00000000f01fffff] reserved
Jan 11 15:06:53 HP-Laptop-15-bw0xx kernel: [    0.000000] reserve setup_data: [mem 0x00000000f8000000-0x00000000fbffffff] reserved
Jan 11 15:06:53 HP-Laptop-15-bw0xx kernel: [    0.000000] reserve setup_data: [mem 0x00000000fec00000-0x00000000fec00fff] reserved
Jan 11 15:06:53 HP-Laptop-15-bw0xx kernel: [    0.000000] reserve setup_data: [mem 0x00000000fec10000-0x00000000fec10fff] reserved
Jan 11 15:06:53 HP-Laptop-15-bw0xx kernel: [    0.000000] reserve setup_data: [mem 0x00000000fed80000-0x00000000fed80fff] reserved
Jan 11 15:06:53 HP-Laptop-15-bw0xx kernel: [    0.000000] reserve setup_data: [mem 0x00000000fee00000-0x00000000fee00fff] reserved
Jan 11 15:06:53 HP-Laptop-15-bw0xx kernel: [    0.000000] reserve setup_data: [mem 0x00000000ff800000-0x00000000ffffffff] reserved
Jan 11 15:06:53 HP-Laptop-15-bw0xx kernel: [    0.000000] reserve setup_data: [mem 0x0000000100000000-0x00000001feffffff] usable
Jan 11 15:06:53 HP-Laptop-15-bw0xx kernel: [    0.000000] reserve setup_data: [mem 0x00000001ff000000-0x000000021effffff] reserved
Jan 11 15:06:53 HP-Laptop-15-bw0xx kernel: [    0.000000] efi: EFI v2.50 by INSYDE Corp.
Jan 11 15:06:53 HP-Laptop-15-bw0xx kernel: [    0.000000] efi:  ESRT=0xdf1e1098  ACPI 2.0=0xdfbfe014  SMBIOS=0xdf1df000  SMBIOS 3.0=0xdf1dd000  MEMATTR=0xdcbbc018  MOKvar=0xdcad1000  TPMEventLog=0xd4a51018 
Jan 11 15:06:53 HP-Laptop-15-bw0xx kernel: [    0.000000] TPM Final Events table not present
Jan 11 15:06:53 HP-Laptop-15-bw0xx kernel: [    0.000000] secureboot: Secure boot disabled
Jan 11 15:06:53 HP-Laptop-15-bw0xx kernel: [    0.000000] SMBIOS 3.0.0 present.
Jan 11 15:06:53 HP-Laptop-15-bw0xx kernel: [    0.000000] DMI: HP HP Laptop 15-bw0xx/8330, BIOS F.52 12/03/2019
Jan 11 15:06:53 HP-Laptop-15-bw0xx kernel: [    0.000000] tsc: Fast TSC calibration using PIT
Jan 11 15:06:53 HP-Laptop-15-bw0xx kernel: [    0.000000] tsc: Detected 2495.338 MHz processor
Jan 11 15:06:53 HP-Laptop-15-bw0xx kernel: [    0.020575] e820: update [mem 0x00000000-0x00000fff] usable ==> reserved
Jan 11 15:06:53 HP-Laptop-15-bw0xx kernel: [    0.020580] e820: remove [mem 0x000a0000-0x000fffff] usable
Jan 11 15:06:53 HP-Laptop-15-bw0xx kernel: [    0.020594] last_pfn = 0x1ff000 max_arch_pfn = 0x400000000
Jan 11 15:06:53 HP-Laptop-15-bw0xx kernel: [    0.020605] MTRR default type: uncachable
Jan 11 15:06:53 HP-Laptop-15-bw0xx kernel: [    0.020606] MTRR fixed ranges enabled:
Jan 11 15:06:53 HP-Laptop-15-bw0xx kernel: [    0.020609]   00000-9FFFF write-back
Jan 11 15:06:53 HP-Laptop-15-bw0xx kernel: [    0.020611]   A0000-BFFFF uncachable
Jan 11 15:06:53 HP-Laptop-15-bw0xx kernel: [    0.020614]   C0000-FFFFF write-through
Jan 11 15:06:53 HP-Laptop-15-bw0xx kernel: [    0.020615] MTRR variable ranges enabled:
Jan 11 15:06:53 HP-Laptop-15-bw0xx kernel: [    0.020619]   0 base 000000000000 mask FFFF80000000 write-back
Jan 11 15:06:53 HP-Laptop-15-bw0xx kernel: [    0.020622]   1 base 000080000000 mask FFFFC0000000 write-back
Jan 11 15:06:53 HP-Laptop-15-bw0xx kernel: [    0.020625]   2 base 0000C0000000 mask FFFFE0000000 write-back
Jan 11 15:06:53 HP-Laptop-15-bw0xx kernel: [    0.020627]   3 base 0000FF800000 mask FFFFFF800000 write-protect
Jan 11 15:06:53 HP-Laptop-15-bw0xx kernel: [    0.020629]   4 disabled
Jan 11 15:06:53 HP-Laptop-15-bw0xx kernel: [    0.020630]   5 disabled
Jan 11 15:06:53 HP-Laptop-15-bw0xx kernel: [    0.020632]   6 disabled
Jan 11 15:06:53 HP-Laptop-15-bw0xx kernel: [    0.020633]   7 disabled
Jan 11 15:06:53 HP-Laptop-15-bw0xx kernel: [    0.020635] TOM2: 000000021f000000 aka 8688M
Jan 11 15:06:53 HP-Laptop-15-bw0xx kernel: [    0.020973] x86/PAT: Configuration [0-7]: WB  WC  UC- UC  WB  WP  UC- WT  
Jan 11 15:06:53 HP-Laptop-15-bw0xx kernel: [    0.021128] last_pfn = 0xdfc00 max_arch_pfn = 0x400000000
Jan 11 15:06:53 HP-Laptop-15-bw0xx kernel: [    0.033889] esrt: Reserving ESRT space from 0x00000000df1e1098 to 0x00000000df1e10d0.
Jan 11 15:06:53 HP-Laptop-15-bw0xx kernel: [    0.033906] e820: update [mem 0xdcad1000-0xdcad1fff] usable ==> reserved
Jan 11 15:06:53 HP-Laptop-15-bw0xx kernel: [    0.033948] check: Scanning 1 areas for low memory corruption
Jan 11 15:06:53 HP-Laptop-15-bw0xx kernel: [    0.033957] Using GB pages for direct mapping
Jan 11 15:06:53 HP-Laptop-15-bw0xx kernel: [    0.035650] secureboot: Secure boot disabled
Jan 11 15:06:53 HP-Laptop-15-bw0xx kernel: [    0.035653] RAMDISK: [mem 0x3d6b5000-0x3fffdfff]
Jan 11 15:06:53 HP-Laptop-15-bw0xx kernel: [    0.035666] ACPI: Early table checksum verification disabled
Jan 11 15:06:53 HP-Laptop-15-bw0xx kernel: [    0.035673] ACPI: RSDP 0x00000000DFBFE014 000024 (v02 HPQOEM)
Jan 11 15:06:53 HP-Laptop-15-bw0xx kernel: [    0.035681] ACPI: XSDT 0x00000000DFBD4188 00010C (v01 HPQOEM SLIC-MPC 00000001 HP   01000013)
Jan 11 15:06:53 HP-Laptop-15-bw0xx kernel: [    0.035694] ACPI: FACP 0x00000000DFBF8000 00010C (v05 HPQOEM SLIC-MPC 00000001 HP   00040000)
Jan 11 15:06:53 HP-Laptop-15-bw0xx kernel: [    0.035707] ACPI: DSDT 0x00000000DFBE8000 009A82 (v01 HPQOEM SLIC-MPC 00040000 ACPI 00040000)
Jan 11 15:06:53 HP-Laptop-15-bw0xx kernel: [    0.035715] ACPI: FACS 0x00000000DFB44000 000040
Jan 11 15:06:53 HP-Laptop-15-bw0xx kernel: [    0.035720] ACPI: UEFI 0x00000000DFBFD000 000236 (v01 HPQOEM INSYDE   00000001 HP   00040000)
Jan 11 15:06:53 HP-Laptop-15-bw0xx kernel: [    0.035727] ACPI: SSDT 0x00000000DFBFB000 0001B2 (v01 HPQOEM INSYDE   00000001 ACPI 00040000)
Jan 11 15:06:53 HP-Laptop-15-bw0xx kernel: [    0.035734] ACPI: ASF! 0x00000000DFBFA000 0000A5 (v32 HPQOEM INSYDE   00000001 HP   00040000)
Jan 11 15:06:53 HP-Laptop-15-bw0xx kernel: [    0.035740] ACPI: BOOT 0x00000000DFBF9000 000028 (v01 HPQOEM INSYDE   00000001 HP   00040000)
Jan 11 15:06:53 HP-Laptop-15-bw0xx kernel: [    0.035746] ACPI: HPET 0x00000000DFBF7000 000038 (v01 HPQOEM INSYDE   00000001 HP   00040000)
Jan 11 15:06:53 HP-Laptop-15-bw0xx kernel: [    0.035752] ACPI: APIC 0x00000000DFBF6000 000090 (v03 HPQOEM SLIC-MPC 00000001 HP   00040000)
Jan 11 15:06:53 HP-Laptop-15-bw0xx kernel: [    0.035758] ACPI: MCFG 0x00000000DFBF5000 00003C (v01 HPQOEM INSYDE   00000001 HP   00040000)
Jan 11 15:06:53 HP-Laptop-15-bw0xx systemd[1]: Starting Show Plymouth Boot Screen...
Jan 11 15:06:53 HP-Laptop-15-bw0xx systemd-udevd[291]: link_config: autonegotiation is unset or enabled, the speed and duplex are not writable.
Jan 11 15:06:53 HP-Laptop-15-bw0xx systemd[1]: Started Show Plymouth Boot Screen.
Jan 11 15:06:53 HP-Laptop-15-bw0xx systemd[1]: Reached target Local Encrypted Volumes.
Jan 11 15:06:53 HP-Laptop-15-bw0xx systemd[1]: Started Forward Password Requests to Plymouth Directory Watch.
Jan 11 15:06:53 HP-Laptop-15-bw0xx systemd[1]: Started Flush Journal to Persistent Storage.
Jan 11 15:06:53 HP-Laptop-15-bw0xx systemd[1]: Received SIGRTMIN+20 from PID 294 (plymouthd).
Jan 11 15:06:53 HP-Laptop-15-bw0xx systemd[1]: Created slice system-systemd\x2dbacklight.slice.
Jan 11 15:06:53 HP-Laptop-15-bw0xx systemd[1]: Starting Load/Save Screen Backlight Brightness of backlight:acpi_video0...
Jan 11 15:06:53 HP-Laptop-15-bw0xx kernel: [    0.035764] ACPI: SPCR 0x00000000DFBF4000 000050 (v01 HPQOEM INSYDE   00000001 HP   00040000)
Jan 11 15:06:53 HP-Laptop-15-bw0xx kernel: [    0.035770] ACPI: WDAT 0x00000000DFBF3000 00017C (v01 HPQOEM INSYDE   00000001 HP   00040000)
Jan 11 15:06:53 HP-Laptop-15-bw0xx kernel: [    0.035775] ACPI: WDRT 0x00000000DFBF2000 000047 (v01 HPQOEM INSYDE   00000000 HP   00040000)
Jan 11 15:06:53 HP-Laptop-15-bw0xx systemd-backlight[373]: Failed to get backlight or LED device 'backlight:acpi_video0': No such device
Jan 11 15:06:53 HP-Laptop-15-bw0xx kernel: [    0.035781] ACPI: SSDT 0x00000000DFBE7000 000173 (v01 HPQOEM INSYDE   00001000 ACPI 00040000)
Jan 11 15:06:53 HP-Laptop-15-bw0xx kernel: [    0.035787] ACPI: UEFI 0x00000000DFBE6000 000042 (v01 HPQOEM INSYDE   00000000 HP   00040000)
Jan 11 15:06:53 HP-Laptop-15-bw0xx kernel: [    0.035793] ACPI: IHIS 0x00000000DFBE5000 000038 (v01 HPQOEM INSYDE   00000001 HP   00040000)
Jan 11 15:06:53 HP-Laptop-15-bw0xx systemd[1]: systemd-backlight@backlight:acpi_video0.service: Main process exited, code=exited, status=1/FAILURE
Jan 11 15:06:53 HP-Laptop-15-bw0xx kernel: [    0.035799] ACPI: SSDT 0x00000000DFBDE000 0068FD (v01 HPQOEM INSYDE   00001000 ACPI 00040000)
Jan 11 15:06:53 HP-Laptop-15-bw0xx kernel: [    0.035805] ACPI: SSDT 0x00000000DFBDD000 0006B2 (v01 HPQOEM INSYDE   00000001 ACPI 00040000)
Jan 11 15:06:53 HP-Laptop-15-bw0xx kernel: [    0.035811] ACPI: SSDT 0x00000000DFBD8000 004B5B (v02 HPQOEM INSYDE   00000002 ACPI 00040000)
Jan 11 15:06:53 HP-Laptop-15-bw0xx systemd[1]: systemd-backlight@backlight:acpi_video0.service: Failed with result 'exit-code'.
Jan 11 15:06:53 HP-Laptop-15-bw0xx kernel: [    0.035816] ACPI: IVRS 0x00000000DFBD7000 0000D0 (v02 HPQOEM INSYDE   00000001 HP   00040000)
Jan 11 15:06:53 HP-Laptop-15-bw0xx kernel: [    0.035822] ACPI: CRAT 0x00000000DFBD6000 0002E8 (v01 HPQOEM INSYDE   00000001 HP   00040000)
Jan 11 15:06:53 HP-Laptop-15-bw0xx kernel: [    0.035828] ACPI: SSDT 0x00000000DFBD5000 000482 (v01 HPQOEM INSYDE   00001000 ACPI 00040000)
Jan 11 15:06:53 HP-Laptop-15-bw0xx kernel: [    0.035834] ACPI: TPM2 0x00000000DFBD3000 000034 (v03 HPQOEM INSYDE   00000002 HP   00040000)
Jan 11 15:06:53 HP-Laptop-15-bw0xx kernel: [    0.035839] ACPI: SSDT 0x00000000DFBD2000 000692 (v01 HPQOEM INSYDE   00000001 ACPI 00040000)
Jan 11 15:06:53 HP-Laptop-15-bw0xx kernel: [    0.035845] ACPI: SSDT 0x00000000DFBD1000 000174 (v01 HPQOEM INSYDE   00000001 ACPI 00040000)
Jan 11 15:06:53 HP-Laptop-15-bw0xx kernel: [    0.035851] ACPI: SSDT 0x00000000DFBCF000 001D18 (v01 HPQOEM INSYDE   00000001 ACPI 00040000)
Jan 11 15:06:53 HP-Laptop-15-bw0xx kernel: [    0.035857] ACPI: SSDT 0x00000000DFBCD000 00165E (v01 HPQOEM INSYDE   00000001 ACPI 00040000)
Jan 11 15:06:53 HP-Laptop-15-bw0xx kernel: [    0.035862] ACPI: FPDT 0x00000000DFBCC000 000044 (v01 HPQOEM SLIC-MPC 00000002 HP   00040000)
Jan 11 15:06:53 HP-Laptop-15-bw0xx kernel: [    0.035868] ACPI: SSDT 0x00000000DFBC9000 0021DF (v01 HPQOEM INSYDE   00000001 ACPI 00040000)
Jan 11 15:06:53 HP-Laptop-15-bw0xx kernel: [    0.035874] ACPI: WSMT 0x00000000DFBC8000 000028 (v01 HPQOEM INSYDE   00000001 HP   00040000)
Jan 11 15:06:53 HP-Laptop-15-bw0xx kernel: [    0.035879] ACPI: BGRT 0x00000000DFBC7000 000038 (v01 HPQOEM INSYDE   00000001 HP   00040000)
Jan 11 15:06:53 HP-Laptop-15-bw0xx kernel: [    0.035886] ACPI: Reserving FACP table memory at [mem 0xdfbf8000-0xdfbf810b]
Jan 11 15:06:53 HP-Laptop-15-bw0xx kernel: [    0.035889] ACPI: Reserving DSDT table memory at [mem 0xdfbe8000-0xdfbf1a81]
Jan 11 15:06:53 HP-Laptop-15-bw0xx kernel: [    0.035891] ACPI: Reserving FACS table memory at [mem 0xdfb44000-0xdfb4403f]
Jan 11 15:06:53 HP-Laptop-15-bw0xx kernel: [    0.035893] ACPI: Reserving UEFI table memory at [mem 0xdfbfd000-0xdfbfd235]
Jan 11 15:06:53 HP-Laptop-15-bw0xx kernel: [    0.035895] ACPI: Reserving SSDT table memory at [mem 0xdfbfb000-0xdfbfb1b1]
Jan 11 15:06:53 HP-Laptop-15-bw0xx kernel: [    0.035897] ACPI: Reserving ASF! table memory at [mem 0xdfbfa000-0xdfbfa0a4]
Jan 11 15:06:53 HP-Laptop-15-bw0xx kernel: [    0.035899] ACPI: Reserving BOOT table memory at [mem 0xdfbf9000-0xdfbf9027]
Jan 11 15:06:53 HP-Laptop-15-bw0xx kernel: [    0.035901] ACPI: Reserving HPET table memory at [mem 0xdfbf7000-0xdfbf7037]
Jan 11 15:06:53 HP-Laptop-15-bw0xx kernel: [    0.035903] ACPI: Reserving APIC table memory at [mem 0xdfbf6000-0xdfbf608f]
Jan 11 15:06:53 HP-Laptop-15-bw0xx kernel: [    0.035905] ACPI: Reserving MCFG table memory at [mem 0xdfbf5000-0xdfbf503b]
Jan 11 15:06:53 HP-Laptop-15-bw0xx kernel: [    0.035907] ACPI: Reserving SPCR table memory at [mem 0xdfbf4000-0xdfbf404f]
Jan 11 15:06:53 HP-Laptop-15-bw0xx kernel: [    0.035909] ACPI: Reserving WDAT table memory at [mem 0xdfbf3000-0xdfbf317b]
Jan 11 15:06:53 HP-Laptop-15-bw0xx kernel: [    0.035911] ACPI: Reserving WDRT table memory at [mem 0xdfbf2000-0xdfbf2046]
Jan 11 15:06:53 HP-Laptop-15-bw0xx kernel: [    0.035913] ACPI: Reserving SSDT table memory at [mem 0xdfbe7000-0xdfbe7172]
Jan 11 15:06:53 HP-Laptop-15-bw0xx kernel: [    0.035915] ACPI: Reserving UEFI table memory at [mem 0xdfbe6000-0xdfbe6041]
Jan 11 15:06:53 HP-Laptop-15-bw0xx kernel: [    0.035917] ACPI: Reserving IHIS table memory at [mem 0xdfbe5000-0xdfbe5037]
Jan 11 15:06:53 HP-Laptop-15-bw0xx kernel: [    0.035919] ACPI: Reserving SSDT table memory at [mem 0xdfbde000-0xdfbe48fc]
Jan 11 15:06:53 HP-Laptop-15-bw0xx kernel: [    0.035921] ACPI: Reserving SSDT table memory at [mem 0xdfbdd000-0xdfbdd6b1]
Jan 11 15:06:53 HP-Laptop-15-bw0xx kernel: [    0.035923] ACPI: Reserving SSDT table memory at [mem 0xdfbd8000-0xdfbdcb5a]
Jan 11 15:06:53 HP-Laptop-15-bw0xx kernel: [    0.035925] ACPI: Reserving IVRS table memory at [mem 0xdfbd7000-0xdfbd70cf]
Jan 11 15:06:53 HP-Laptop-15-bw0xx kernel: [    0.035927] ACPI: Reserving CRAT table memory at [mem 0xdfbd6000-0xdfbd62e7]
Jan 11 15:06:53 HP-Laptop-15-bw0xx kernel: [    0.035930] ACPI: Reserving SSDT table memory at [mem 0xdfbd5000-0xdfbd5481]
Jan 11 15:06:53 HP-Laptop-15-bw0xx kernel: [    0.035932] ACPI: Reserving TPM2 table memory at [mem 0xdfbd3000-0xdfbd3033]
Jan 11 15:06:53 HP-Laptop-15-bw0xx kernel: [    0.035934] ACPI: Reserving SSDT table memory at [mem 0xdfbd2000-0xdfbd2691]
Jan 11 15:06:53 HP-Laptop-15-bw0xx kernel: [    0.035936] ACPI: Reserving SSDT table memory at [mem 0xdfbd1000-0xdfbd1173]
Jan 11 15:06:53 HP-Laptop-15-bw0xx kernel: [    0.035938] ACPI: Reserving SSDT table memory at [mem 0xdfbcf000-0xdfbd0d17]
Jan 11 15:06:53 HP-Laptop-15-bw0xx kernel: [    0.035940] ACPI: Reserving SSDT table memory at [mem 0xdfbcd000-0xdfbce65d]
Jan 11 15:06:53 HP-Laptop-15-bw0xx kernel: [    0.035942] ACPI: Reserving FPDT table memory at [mem 0xdfbcc000-0xdfbcc043]
Jan 11 15:06:53 HP-Laptop-15-bw0xx kernel: [    0.035944] ACPI: Reserving SSDT table memory at [mem 0xdfbc9000-0xdfbcb1de]
Jan 11 15:06:53 HP-Laptop-15-bw0xx kernel: [    0.035947] ACPI: Reserving WSMT table memory at [mem 0xdfbc8000-0xdfbc8027]
Jan 11 15:06:53 HP-Laptop-15-bw0xx kernel: [    0.035949] ACPI: Reserving BGRT table memory at [mem 0xdfbc7000-0xdfbc7037]
Jan 11 15:06:53 HP-Laptop-15-bw0xx kernel: [    0.035965] ACPI: Local APIC address 0xfee00000
Jan 11 15:06:53 HP-Laptop-15-bw0xx kernel: [    0.036219] No NUMA configuration found
Jan 11 15:06:53 HP-Laptop-15-bw0xx kernel: [    0.036222] Faking a node at [mem 0x0000000000000000-0x00000001feffffff]
Jan 11 15:06:53 HP-Laptop-15-bw0xx kernel: [    0.036244] NODE_DATA(0) allocated [mem 0x1fefd3000-0x1feffdfff]
Jan 11 15:06:53 HP-Laptop-15-bw0xx kernel: [    0.036857] Zone ranges:
Jan 11 15:06:53 HP-Laptop-15-bw0xx kernel: [    0.036858]   DMA      [mem 0x0000000000001000-0x0000000000ffffff]
Jan 11 15:06:53 HP-Laptop-15-bw0xx kernel: [    0.036862]   DMA32    [mem 0x0000000001000000-0x00000000ffffffff]
Jan 11 15:06:53 HP-Laptop-15-bw0xx kernel: [    0.036864]   Normal   [mem 0x0000000100000000-0x00000001feffffff]
Jan 11 15:06:53 HP-Laptop-15-bw0xx kernel: [    0.036867]   Device   empty
Jan 11 15:06:53 HP-Laptop-15-bw0xx kernel: [    0.036868] Movable zone start for each node
Jan 11 15:06:53 HP-Laptop-15-bw0xx kernel: [    0.036877] Early memory node ranges
Jan 11 15:06:53 HP-Laptop-15-bw0xx kernel: [    0.036879]   node   0: [mem 0x0000000000001000-0x0000000000087fff]
Jan 11 15:06:53 HP-Laptop-15-bw0xx kernel: [    0.036881]   node   0: [mem 0x0000000000100000-0x00000000dee0efff]
Jan 11 15:06:53 HP-Laptop-15-bw0xx kernel: [    0.036884]   node   0: [mem 0x00000000dfbff000-0x00000000dfbfffff]
Jan 11 15:06:53 HP-Laptop-15-bw0xx kernel: [    0.036885]   node   0: [mem 0x0000000100000000-0x00000001feffffff]
Jan 11 15:06:53 HP-Laptop-15-bw0xx kernel: [    0.037025] Zeroed struct page in unavailable ranges: 8809 pages
Jan 11 15:06:53 HP-Laptop-15-bw0xx kernel: [    0.037028] Initmem setup node 0 [mem 0x0000000000001000-0x00000001feffffff]
Jan 11 15:06:53 HP-Laptop-15-bw0xx kernel: [    0.037032] On node 0 totalpages: 1957271
Jan 11 15:06:53 HP-Laptop-15-bw0xx kernel: [    0.037034]   DMA zone: 64 pages used for memmap
Jan 11 15:06:53 HP-Laptop-15-bw0xx kernel: [    0.037036]   DMA zone: 1134 pages reserved
Jan 11 15:06:53 HP-Laptop-15-bw0xx kernel: [    0.037038]   DMA zone: 3975 pages, LIFO batch:0
Jan 11 15:06:53 HP-Laptop-15-bw0xx kernel: [    0.037164]   DMA32 zone: 14201 pages used for memmap
Jan 11 15:06:53 HP-Laptop-15-bw0xx kernel: [    0.037166]   DMA32 zone: 908816 pages, LIFO batch:63
Jan 11 15:06:53 HP-Laptop-15-bw0xx kernel: [    0.065421]   Normal zone: 16320 pages used for memmap
Jan 11 15:06:53 HP-Laptop-15-bw0xx kernel: [    0.065423]   Normal zone: 1044480 pages, LIFO batch:63
Jan 11 15:06:53 HP-Laptop-15-bw0xx kernel: [    0.097715] ACPI: PM-Timer IO Port: 0x408
Jan 11 15:06:53 HP-Laptop-15-bw0xx kernel: [    0.097719] ACPI: Local APIC address 0xfee00000
Jan 11 15:06:53 HP-Laptop-15-bw0xx kernel: [    0.097732] ACPI: LAPIC_NMI (acpi_id[0x00] high edge lint[0x1])
Jan 11 15:06:53 HP-Laptop-15-bw0xx kernel: [    0.097734] ACPI: LAPIC_NMI (acpi_id[0x01] high edge lint[0x1])
Jan 11 15:06:53 HP-Laptop-15-bw0xx kernel: [    0.097735] ACPI: LAPIC_NMI (acpi_id[0x02] high edge lint[0x1])
Jan 11 15:06:53 HP-Laptop-15-bw0xx kernel: [    0.097737] ACPI: LAPIC_NMI (acpi_id[0x03] high edge lint[0x1])
Jan 11 15:06:53 HP-Laptop-15-bw0xx kernel: [    0.097748] IOAPIC[0]: apic_id 4, version 33, address 0xfec00000, GSI 0-23
Jan 11 15:06:53 HP-Laptop-15-bw0xx kernel: [    0.097754] IOAPIC[1]: apic_id 5, version 33, address 0xfec01000, GSI 24-55
Jan 11 15:06:53 HP-Laptop-15-bw0xx kernel: [    0.097758] ACPI: INT_SRC_OVR (bus 0 bus_irq 0 global_irq 2 dfl dfl)
Jan 11 15:06:53 HP-Laptop-15-bw0xx kernel: [    0.097761] ACPI: INT_SRC_OVR (bus 0 bus_irq 9 global_irq 9 low level)
Jan 11 15:06:53 HP-Laptop-15-bw0xx kernel: [    0.097764] ACPI: IRQ0 used by override.
Jan 11 15:06:53 HP-Laptop-15-bw0xx kernel: [    0.097767] ACPI: IRQ9 used by override.
Jan 11 15:06:53 HP-Laptop-15-bw0xx kernel: [    0.097771] Using ACPI (MADT) for SMP configuration information
Jan 11 15:06:53 HP-Laptop-15-bw0xx kernel: [    0.097774] ACPI: HPET id: 0x10228210 base: 0xfed00000
Jan 11 15:06:53 HP-Laptop-15-bw0xx kernel: [    0.097796] e820: update [mem 0xdcb1c000-0xdcb2ffff] usable ==> reserved
Jan 11 15:06:53 HP-Laptop-15-bw0xx kernel: [    0.097817] ACPI: SPCR: SPCR table version 1
Jan 11 15:06:53 HP-Laptop-15-bw0xx kernel: [    0.097820] ACPI: SPCR: console: uart,io,0x3f8,115200
Jan 11 15:06:53 HP-Laptop-15-bw0xx kernel: [    0.097825] smpboot: Allowing 4 CPUs, 2 hotplug CPUs
Jan 11 15:06:53 HP-Laptop-15-bw0xx kernel: [    0.097880] PM: Registered nosave memory: [mem 0x00000000-0x00000fff]
Jan 11 15:06:53 HP-Laptop-15-bw0xx kernel: [    0.097885] PM: Registered nosave memory: [mem 0x00088000-0x000bffff]
Jan 11 15:06:53 HP-Laptop-15-bw0xx kernel: [    0.097886] PM: Registered nosave memory: [mem 0x000c0000-0x000fffff]
Jan 11 15:06:53 HP-Laptop-15-bw0xx kernel: [    0.097891] PM: Registered nosave memory: [mem 0xd4a33000-0xd4a33fff]
Jan 11 15:06:53 HP-Laptop-15-bw0xx kernel: [    0.097895] PM: Registered nosave memory: [mem 0xd4a40000-0xd4a40fff]
Jan 11 15:06:53 HP-Laptop-15-bw0xx kernel: [    0.097896] PM: Registered nosave memory: [mem 0xd4a41000-0xd4a41fff]
Jan 11 15:06:53 HP-Laptop-15-bw0xx kernel: [    0.097900] PM: Registered nosave memory: [mem 0xd4a50000-0xd4a50fff]
Jan 11 15:06:53 HP-Laptop-15-bw0xx kernel: [    0.097904] PM: Registered nosave memory: [mem 0xdcad1000-0xdcad1fff]
Jan 11 15:06:53 HP-Laptop-15-bw0xx kernel: [    0.097909] PM: Registered nosave memory: [mem 0xdcb1c000-0xdcb2ffff]
Jan 11 15:06:53 HP-Laptop-15-bw0xx kernel: [    0.097913] PM: Registered nosave memory: [mem 0xdee0f000-0xdf87efff]
Jan 11 15:06:53 HP-Laptop-15-bw0xx kernel: [    0.097915] PM: Registered nosave memory: [mem 0xdf87f000-0xdfb7efff]
Jan 11 15:06:53 HP-Laptop-15-bw0xx kernel: [    0.097916] PM: Registered nosave memory: [mem 0xdfb7f000-0xdfbfefff]
Jan 11 15:06:53 HP-Laptop-15-bw0xx kernel: [    0.097920] PM: Registered nosave memory: [mem 0xdfc00000-0xdfffffff]
Jan 11 15:06:53 HP-Laptop-15-bw0xx kernel: [    0.097922] PM: Registered nosave memory: [mem 0xe0000000-0xf00fffff]
Jan 11 15:06:53 HP-Laptop-15-bw0xx kernel: [    0.097923] PM: Registered nosave memory: [mem 0xf0100000-0xf01fffff]
Jan 11 15:06:53 HP-Laptop-15-bw0xx kernel: [    0.097924] PM: Registered nosave memory: [mem 0xf0200000-0xf7ffffff]
Jan 11 15:06:53 HP-Laptop-15-bw0xx kernel: [    0.097926] PM: Registered nosave memory: [mem 0xf8000000-0xfbffffff]
Jan 11 15:06:53 HP-Laptop-15-bw0xx kernel: [    0.097927] PM: Registered nosave memory: [mem 0xfc000000-0xfebfffff]
Jan 11 15:06:53 HP-Laptop-15-bw0xx kernel: [    0.097928] PM: Registered nosave memory: [mem 0xfec00000-0xfec00fff]
Jan 11 15:06:53 HP-Laptop-15-bw0xx kernel: [    0.097930] PM: Registered nosave memory: [mem 0xfec01000-0xfec0ffff]
Jan 11 15:06:53 HP-Laptop-15-bw0xx kernel: [    0.097931] PM: Registered nosave memory: [mem 0xfec10000-0xfec10fff]
Jan 11 15:06:53 HP-Laptop-15-bw0xx kernel: [    0.097932] PM: Registered nosave memory: [mem 0xfec11000-0xfed7ffff]
Jan 11 15:06:53 HP-Laptop-15-bw0xx kernel: [    0.097933] PM: Registered nosave memory: [mem 0xfed80000-0xfed80fff]
Jan 11 15:06:53 HP-Laptop-15-bw0xx kernel: [    0.097935] PM: Registered nosave memory: [mem 0xfed81000-0xfedfffff]
Jan 11 15:06:53 HP-Laptop-15-bw0xx kernel: [    0.097936] PM: Registered nosave memory: [mem 0xfee00000-0xfee00fff]
Jan 11 15:06:53 HP-Laptop-15-bw0xx kernel: [    0.097937] PM: Registered nosave memory: [mem 0xfee01000-0xff7fffff]
Jan 11 15:06:53 HP-Laptop-15-bw0xx kernel: [    0.097939] PM: Registered nosave memory: [mem 0xff800000-0xffffffff]
Jan 11 15:06:53 HP-Laptop-15-bw0xx kernel: [    0.097943] [mem 0xe0000000-0xf00fffff] available for PCI devices
Jan 11 15:06:53 HP-Laptop-15-bw0xx systemd[1]: Failed to start Load/Save Screen Backlight Brightness of backlight:acpi_video0.
Jan 11 15:06:53 HP-Laptop-15-bw0xx kernel: [    0.097945] Booting paravirtualized kernel on bare hardware
Jan 11 15:06:53 HP-Laptop-15-bw0xx kernel: [    0.097951] clocksource: refined-jiffies: mask: 0xffffffff max_cycles: 0xffffffff, max_idle_ns: 7645519600211568 ns
Jan 11 15:06:53 HP-Laptop-15-bw0xx kernel: [    0.097967] setup_percpu: NR_CPUS:8192 nr_cpumask_bits:4 nr_cpu_ids:4 nr_node_ids:1
Jan 11 15:06:53 HP-Laptop-15-bw0xx kernel: [    0.098755] percpu: Embedded 55 pages/cpu s188416 r8192 d28672 u524288
Jan 11 15:06:53 HP-Laptop-15-bw0xx systemd[1]: Listening on Load/Save RF Kill Switch Status /dev/rfkill Watch.
Jan 11 15:06:53 HP-Laptop-15-bw0xx kernel: [    0.098773] pcpu-alloc: s188416 r8192 d28672 u524288 alloc=1*2097152
Jan 11 15:06:53 HP-Laptop-15-bw0xx kernel: [    0.098775] pcpu-alloc: [0] 0 1 2 3 
Jan 11 15:06:53 HP-Laptop-15-bw0xx kernel: [    0.098853] Built 1 zonelists, mobility grouping on.  Total pages: 1925552
Jan 11 15:06:53 HP-Laptop-15-bw0xx kernel: [    0.098855] Policy zone: Normal
Jan 11 15:06:53 HP-Laptop-15-bw0xx systemd-udevd[291]: link_config: autonegotiation is unset or enabled, the speed and duplex are not writable.
Jan 11 15:06:53 HP-Laptop-15-bw0xx kernel: [    0.098858] Kernel command line: BOOT_IMAGE=/boot/vmlinuz-5.4.0-92-generic root=UUID=c261fc1d-21f9-4247-8e68-025fc9a38f8f ro quiet splash vt.handoff=1
Jan 11 15:06:53 HP-Laptop-15-bw0xx kernel: [    0.101070] Dentry cache hash table entries: 1048576 (order: 11, 8388608 bytes, linear)
Jan 11 15:06:53 HP-Laptop-15-bw0xx kernel: [    0.102105] Inode-cache hash table entries: 524288 (order: 10, 4194304 bytes, linear)
Jan 11 15:06:53 HP-Laptop-15-bw0xx systemd[1]: Found device TOSHIBA_MQ04ABF100 EFI\x20system\x20partition.
Jan 11 15:06:53 HP-Laptop-15-bw0xx kernel: [    0.102157] mem auto-init: stack:off, heap alloc:on, heap free:off
Jan 11 15:06:53 HP-Laptop-15-bw0xx kernel: [    0.118808] Calgary: detecting Calgary via BIOS EBDA area
Jan 11 15:06:53 HP-Laptop-15-bw0xx kernel: [    0.118811] Calgary: Unable to locate Rio Grande table in EBDA - bailing!
Jan 11 15:06:53 HP-Laptop-15-bw0xx systemd[1]: Starting Load/Save Screen Backlight Brightness of backlight:amdgpu_bl0...
Jan 11 15:06:53 HP-Laptop-15-bw0xx kernel: [    0.160500] Memory: 7501872K/7829084K available (14339K kernel code, 2381K rwdata, 9456K rodata, 2720K init, 5000K bss, 327212K reserved, 0K cma-reserved)
Jan 11 15:06:53 HP-Laptop-15-bw0xx kernel: [    0.160837] SLUB: HWalign=64, Order=0-3, MinObjects=0, CPUs=4, Nodes=1
Jan 11 15:06:53 HP-Laptop-15-bw0xx kernel: [    0.160865] ftrace: allocating 44354 entries in 174 pages
Jan 11 15:06:53 HP-Laptop-15-bw0xx systemd[1]: Starting File System Check on /dev/disk/by-uuid/DC76-7C77...
Jan 11 15:06:53 HP-Laptop-15-bw0xx kernel: [    0.210998] rcu: Hierarchical RCU implementation.
Jan 11 15:06:53 HP-Laptop-15-bw0xx systemd[1]: Reached target Sound Card.
Jan 11 15:06:53 HP-Laptop-15-bw0xx kernel: [    0.211001] rcu: 	RCU restricting CPUs from NR_CPUS=8192 to nr_cpu_ids=4.
Jan 11 15:06:53 HP-Laptop-15-bw0xx kernel: [    0.211003] 	Tasks RCU enabled.
Jan 11 15:06:53 HP-Laptop-15-bw0xx kernel: [    0.211005] rcu: RCU calculated value of scheduler-enlistment delay is 25 jiffies.
Jan 11 15:06:53 HP-Laptop-15-bw0xx kernel: [    0.211007] rcu: Adjusting geometry for rcu_fanout_leaf=16, nr_cpu_ids=4
Jan 11 15:06:53 HP-Laptop-15-bw0xx systemd[1]: Started File System Check Daemon to report status.
Jan 11 15:06:53 HP-Laptop-15-bw0xx kernel: [    0.218248] NR_IRQS: 524544, nr_irqs: 1000, preallocated irqs: 16
Jan 11 15:06:53 HP-Laptop-15-bw0xx kernel: [    0.218662] random: crng done (trusting CPU's manufacturer)
Jan 11 15:06:53 HP-Laptop-15-bw0xx systemd[1]: Started Load/Save Screen Backlight Brightness of backlight:amdgpu_bl0.
Jan 11 15:06:53 HP-Laptop-15-bw0xx kernel: [    0.218704] vt handoff: transparent VT on vt#1
Jan 11 15:06:53 HP-Laptop-15-bw0xx kernel: [    0.218722] Console: colour dummy device 80x25
Jan 11 15:06:53 HP-Laptop-15-bw0xx kernel: [    0.218733] printk: console [tty0] enabled
Jan 11 15:06:53 HP-Laptop-15-bw0xx kernel: [    0.218776] ACPI: Core revision 20190816
Jan 11 15:06:53 HP-Laptop-15-bw0xx systemd[1]: Found device TOSHIBA_MQ04ABF100 8.
Jan 11 15:06:53 HP-Laptop-15-bw0xx kernel: [    0.219320] clocksource: hpet: mask: 0xffffffff max_cycles: 0xffffffff, max_idle_ns: 133484873504 ns
Jan 11 15:06:53 HP-Laptop-15-bw0xx kernel: [    0.219344] APIC: Switch to symmetric I/O mode setup
Jan 11 15:06:53 HP-Laptop-15-bw0xx systemd[1]: Starting File System Check on /dev/disk/by-uuid/bac074d5-b796-40a1-8b51-70247cebdec2...
Jan 11 15:06:53 HP-Laptop-15-bw0xx kernel: [    0.221361] AMD-Vi: Disable IOMMU on Stoney Ridge
Jan 11 15:06:53 HP-Laptop-15-bw0xx kernel: [    0.221974] AMD-Vi: AMD IOMMU disabled
Jan 11 15:06:53 HP-Laptop-15-bw0xx kernel: [    0.222478] ..TIMER: vector=0x30 apic1=0 pin1=2 apic2=-1 pin2=-1
Jan 11 15:06:53 HP-Laptop-15-bw0xx kernel: [    0.239347] clocksource: tsc-early: mask: 0xffffffffffffffff max_cycles: 0x23f805ecdf9, max_idle_ns: 440795287072 ns
Jan 11 15:06:53 HP-Laptop-15-bw0xx systemd[1]: Found device TOSHIBA_MQ04ABF100 9.
Jan 11 15:06:53 HP-Laptop-15-bw0xx kernel: [    0.239359] Calibrating delay loop (skipped), value calculated using timer frequency.. 4990.67 BogoMIPS (lpj=9981352)
Jan 11 15:06:53 HP-Laptop-15-bw0xx kernel: [    0.239364] pid_max: default: 32768 minimum: 301
Jan 11 15:06:53 HP-Laptop-15-bw0xx systemd[1]: Activating swap /dev/disk/by-uuid/4026715f-455e-4c4c-b167-72a97a08f687...
Jan 11 15:06:53 HP-Laptop-15-bw0xx kernel: [    0.247450] LSM: Security Framework initializing
Jan 11 15:06:53 HP-Laptop-15-bw0xx kernel: [    0.247475] Yama: becoming mindful.
Jan 11 15:06:53 HP-Laptop-15-bw0xx kernel: [    0.247535] AppArmor: AppArmor initialized
Jan 11 15:06:53 HP-Laptop-15-bw0xx kernel: [    0.247634] Mount-cache hash table entries: 16384 (order: 5, 131072 bytes, linear)
Jan 11 15:06:53 HP-Laptop-15-bw0xx kernel: [    0.247658] Mountpoint-cache hash table entries: 16384 (order: 5, 131072 bytes, linear)
Jan 11 15:06:53 HP-Laptop-15-bw0xx kernel: [    0.247688] *** VALIDATE tmpfs ***
Jan 11 15:06:53 HP-Laptop-15-bw0xx systemd[1]: Activated swap /dev/disk/by-uuid/4026715f-455e-4c4c-b167-72a97a08f687.
Jan 11 15:06:53 HP-Laptop-15-bw0xx kernel: [    0.248014] *** VALIDATE proc ***
Jan 11 15:06:53 HP-Laptop-15-bw0xx systemd[1]: Reached target Swap.
Jan 11 15:06:53 HP-Laptop-15-bw0xx kernel: [    0.248127] *** VALIDATE cgroup1 ***
Jan 11 15:06:53 HP-Laptop-15-bw0xx kernel: [    0.248130] *** VALIDATE cgroup2 ***
Jan 11 15:06:53 HP-Laptop-15-bw0xx kernel: [    0.248195] BIOS may not properly restore RDRAND after suspend, hiding RDRAND via CPUID. Use rdrand=force to reenable.
Jan 11 15:06:53 HP-Laptop-15-bw0xx kernel: [    0.248313] LVT offset 1 assigned for vector 0xf9
Jan 11 15:06:53 HP-Laptop-15-bw0xx systemd-fsck[533]: fsck.fat 4.1 (2017-01-24)
Jan 11 15:06:53 HP-Laptop-15-bw0xx kernel: [    0.248329] Last level iTLB entries: 4KB 512, 2MB 1024, 4MB 512
Jan 11 15:06:53 HP-Laptop-15-bw0xx kernel: [    0.248331] Last level dTLB entries: 4KB 1024, 2MB 1024, 4MB 512, 1GB 0
Jan 11 15:06:53 HP-Laptop-15-bw0xx systemd-fsck[533]: /dev/sda2: 226 files, 41784/97280 clusters
Jan 11 15:06:53 HP-Laptop-15-bw0xx kernel: [    0.248339] Spectre V1 : Mitigation: usercopy/swapgs barriers and __user pointer sanitization
Jan 11 15:06:53 HP-Laptop-15-bw0xx kernel: [    0.248342] Spectre V2 : Mitigation: Full AMD retpoline
Jan 11 15:06:53 HP-Laptop-15-bw0xx systemd[1]: Started File System Check on /dev/disk/by-uuid/DC76-7C77.
Jan 11 15:06:53 HP-Laptop-15-bw0xx kernel: [    0.248344] Spectre V2 : Spectre v2 / SpectreRSB mitigation: Filling RSB on context switch
Jan 11 15:06:53 HP-Laptop-15-bw0xx kernel: [    0.248347] Spectre V2 : mitigation: Enabling conditional Indirect Branch Prediction Barrier
Jan 11 15:06:53 HP-Laptop-15-bw0xx kernel: [    0.248350] Speculative Store Bypass: Mitigation: Speculative Store Bypass disabled via prctl and seccomp
Jan 11 15:06:53 HP-Laptop-15-bw0xx systemd[1]: Mounting /boot/efi...
Jan 11 15:06:53 HP-Laptop-15-bw0xx kernel: [    0.251758] Freeing SMP alternatives memory: 40K
Jan 11 15:06:53 HP-Laptop-15-bw0xx kernel: [    0.259492] smpboot: CPU 0 Converting physical 2 to logical die 0
Jan 11 15:06:53 HP-Laptop-15-bw0xx kernel: [    0.370402] smpboot: CPU0: AMD A6-9220 RADEON R4, 5 COMPUTE CORES 2C+3G (family: 0x15, model: 0x70, stepping: 0x0)
Jan 11 15:06:53 HP-Laptop-15-bw0xx kernel: [    0.370561] Performance Events: Fam15h core perfctr, AMD PMU driver.
Jan 11 15:06:53 HP-Laptop-15-bw0xx systemd[1]: Mounted /boot/efi.
Jan 11 15:06:53 HP-Laptop-15-bw0xx kernel: [    0.370566] ... version:                0
Jan 11 15:06:53 HP-Laptop-15-bw0xx kernel: [    0.370567] ... bit width:              48
Jan 11 15:06:53 HP-Laptop-15-bw0xx kernel: [    0.370567] ... generic registers:      6
Jan 11 15:06:53 HP-Laptop-15-bw0xx kernel: [    0.370568] ... value mask:             0000ffffffffffff
Jan 11 15:06:53 HP-Laptop-15-bw0xx systemd-fsck[555]: /dev/sda8: clean, 15351/610800 files, 396952/2441472 blocks
Jan 11 15:06:53 HP-Laptop-15-bw0xx kernel: [    0.370569] ... max period:             00007fffffffffff
Jan 11 15:06:53 HP-Laptop-15-bw0xx kernel: [    0.370569] ... fixed-purpose events:   0
Jan 11 15:06:53 HP-Laptop-15-bw0xx kernel: [    0.370570] ... event mask:             000000000000003f
Jan 11 15:06:53 HP-Laptop-15-bw0xx kernel: [    0.370610] rcu: Hierarchical SRCU implementation.
Jan 11 15:06:53 HP-Laptop-15-bw0xx kernel: [    0.371352] NMI watchdog: Enabled. Permanently consumes one hw-PMU counter.
Jan 11 15:06:53 HP-Laptop-15-bw0xx systemd[1]: Started File System Check on /dev/disk/by-uuid/bac074d5-b796-40a1-8b51-70247cebdec2.
Jan 11 15:06:53 HP-Laptop-15-bw0xx kernel: [    0.371352] smp: Bringing up secondary CPUs ...
Jan 11 15:06:53 HP-Laptop-15-bw0xx systemd[1]: Mounting /home...
Jan 11 15:06:53 HP-Laptop-15-bw0xx kernel: [    0.371352] x86: Booting SMP configuration:
Jan 11 15:06:53 HP-Laptop-15-bw0xx kernel: [    0.371352] .... node  #0, CPUs:      #1
Jan 11 15:06:53 HP-Laptop-15-bw0xx kernel: [    0.371352] smp: Brought up 1 node, 2 CPUs
Jan 11 15:06:53 HP-Laptop-15-bw0xx kernel: [    0.371352] smpboot: Max logical packages: 2
Jan 11 15:06:53 HP-Laptop-15-bw0xx kernel: [    0.371352] smpboot: Total of 2 processors activated (9981.35 BogoMIPS)
Jan 11 15:06:53 HP-Laptop-15-bw0xx kernel: [    0.371714] devtmpfs: initialized
Jan 11 15:06:53 HP-Laptop-15-bw0xx systemd[1]: Mounted /home.
Jan 11 15:06:53 HP-Laptop-15-bw0xx kernel: [    0.371714] x86/mm: Memory block size: 128MB
Jan 11 15:06:53 HP-Laptop-15-bw0xx systemd[1]: Reached target Local File Systems.
Jan 11 15:06:53 HP-Laptop-15-bw0xx kernel: [    0.372300] PM: Registering ACPI NVS region [mem 0xdf87f000-0xdfb7efff] (3145728 bytes)
Jan 11 15:06:53 HP-Laptop-15-bw0xx systemd[1]: Starting AppArmor initialization...
Jan 11 15:06:53 HP-Laptop-15-bw0xx kernel: [    0.372300] clocksource: jiffies: mask: 0xffffffff max_cycles: 0xffffffff, max_idle_ns: 7645041785100000 ns
Jan 11 15:06:53 HP-Laptop-15-bw0xx kernel: [    0.372300] futex hash table entries: 1024 (order: 4, 65536 bytes, linear)
Jan 11 15:06:53 HP-Laptop-15-bw0xx kernel: [    0.372300] pinctrl core: initialized pinctrl subsystem
Jan 11 15:06:53 HP-Laptop-15-bw0xx kernel: [    0.372300] PM: RTC time: 12:06:25, date: 2022-01-11
Jan 11 15:06:53 HP-Laptop-15-bw0xx kernel: [    0.372300] NET: Registered protocol family 16
Jan 11 15:06:53 HP-Laptop-15-bw0xx systemd[1]: Starting Tell Plymouth To Write Out Runtime Data...
Jan 11 15:06:53 HP-Laptop-15-bw0xx kernel: [    0.372300] audit: initializing netlink subsys (disabled)
Jan 11 15:06:53 HP-Laptop-15-bw0xx systemd[1]: Starting Clean up any mess left by 0dns-up...
Jan 11 15:06:53 HP-Laptop-15-bw0xx kernel: [    0.372300] audit: type=2000 audit(1641902785.152:1): state=initialized audit_enabled=0 res=1
Jan 11 15:06:53 HP-Laptop-15-bw0xx kernel: [    0.372300] EISA bus registered
Jan 11 15:06:53 HP-Laptop-15-bw0xx kernel: [    0.372300] cpuidle: using governor ladder
Jan 11 15:06:53 HP-Laptop-15-bw0xx kernel: [    0.372300] cpuidle: using governor menu
Jan 11 15:06:53 HP-Laptop-15-bw0xx systemd[1]: Starting Create Volatile Files and Directories...
Jan 11 15:06:53 HP-Laptop-15-bw0xx kernel: [    0.372300] Simple Boot Flag at 0x44 set to 0x1
Jan 11 15:06:53 HP-Laptop-15-bw0xx kernel: [    0.372300] ACPI FADT declares the system doesn't support PCIe ASPM, so disable it
Jan 11 15:06:53 HP-Laptop-15-bw0xx systemd[1]: Starting Set console font and keymap...
Jan 11 15:06:53 HP-Laptop-15-bw0xx kernel: [    0.372300] ACPI: bus type PCI registered
Jan 11 15:06:53 HP-Laptop-15-bw0xx kernel: [    0.372300] acpiphp: ACPI Hot Plug PCI Controller Driver version: 0.5
Jan 11 15:06:53 HP-Laptop-15-bw0xx systemd[1]: Started Tell Plymouth To Write Out Runtime Data.
Jan 11 15:06:53 HP-Laptop-15-bw0xx kernel: [    0.372300] PCI: MMCONFIG for domain 0000 [bus 00-3f] at [mem 0xf8000000-0xfbffffff] (base 0xf8000000)
Jan 11 15:06:53 HP-Laptop-15-bw0xx systemd[1]: Started Set console font and keymap.
Jan 11 15:06:53 HP-Laptop-15-bw0xx kernel: [    0.372300] PCI: MMCONFIG at [mem 0xf8000000-0xfbffffff] reserved in E820
Jan 11 15:06:53 HP-Laptop-15-bw0xx kernel: [    0.372300] PCI: Using configuration type 1 for base access
Jan 11 15:06:53 HP-Laptop-15-bw0xx systemd[1]: Started Clean up any mess left by 0dns-up.
Jan 11 15:06:53 HP-Laptop-15-bw0xx apparmor[576]:  * Starting AppArmor profiles
Jan 11 15:06:53 HP-Laptop-15-bw0xx systemd[1]: Started Create Volatile Files and Directories.
Jan 11 15:06:53 HP-Laptop-15-bw0xx systemd[1]: Starting Network Name Resolution...
Jan 11 15:06:53 HP-Laptop-15-bw0xx systemd[1]: Starting Update UTMP about System Boot/Shutdown...
Jan 11 15:06:53 HP-Laptop-15-bw0xx systemd[1]: Starting Network Time Synchronization...
Jan 11 15:06:53 HP-Laptop-15-bw0xx systemd[1]: Started Update UTMP about System Boot/Shutdown.
Jan 11 15:06:53 HP-Laptop-15-bw0xx systemd[1]: Started Network Time Synchronization.
Jan 11 15:06:53 HP-Laptop-15-bw0xx systemd[1]: Reached target System Time Synchronized.
Jan 11 15:06:53 HP-Laptop-15-bw0xx systemd-resolved[641]: Positive Trust Anchors:
Jan 11 15:06:53 HP-Laptop-15-bw0xx systemd-resolved[641]: . IN DS 19036 8 2 49aac11d7b6f6446702e54a1607371607a1a41855200fd2ce1cdde32f24e8fb5
Jan 11 15:06:53 HP-Laptop-15-bw0xx kernel: [    0.376113] HugeTLB registered 1.00 GiB page size, pre-allocated 0 pages
Jan 11 15:06:53 HP-Laptop-15-bw0xx kernel: [    0.376113] HugeTLB registered 2.00 MiB page size, pre-allocated 0 pages
Jan 11 15:06:53 HP-Laptop-15-bw0xx systemd-resolved[641]: . IN DS 20326 8 2 e06d44b80b8f1d39a95c0b0d7c65d08458e880409bbc683457104237c7f8ec8d
Jan 11 15:06:53 HP-Laptop-15-bw0xx kernel: [    0.376113] ACPI: Added _OSI(Module Device)
Jan 11 15:06:53 HP-Laptop-15-bw0xx kernel: [    0.376113] ACPI: Added _OSI(Processor Device)
Jan 11 15:06:53 HP-Laptop-15-bw0xx kernel: [    0.376113] ACPI: Added _OSI(3.0 _SCP Extensions)
Jan 11 15:06:53 HP-Laptop-15-bw0xx kernel: [    0.376113] ACPI: Added _OSI(Processor Aggregator Device)
Jan 11 15:06:53 HP-Laptop-15-bw0xx kernel: [    0.376113] ACPI: Added _OSI(Linux-Dell-Video)
Jan 11 15:06:53 HP-Laptop-15-bw0xx kernel: [    0.376113] ACPI: Added _OSI(Linux-Lenovo-NV-HDMI-Audio)
Jan 11 15:06:53 HP-Laptop-15-bw0xx systemd-resolved[641]: Negative trust anchors: 10.in-addr.arpa 16.172.in-addr.arpa 17.172.in-addr.arpa 18.172.in-addr.arpa 19.172.in-addr.arpa 20.172.in-addr.arpa 21.172.in-addr.arpa 22.172.in-addr.arpa 23.172.in-addr.arpa 24.172.in-addr.arpa 25.172.in-addr.arpa 26.172.in-addr.arpa 27.172.in-addr.arpa 28.172.in-addr.arpa 29.172.in-addr.arpa 30.172.in-addr.arpa 31.172.in-addr.arpa 168.192.in-addr.arpa d.f.ip6.arpa corp home internal intranet lan local private test
Jan 11 15:06:53 HP-Laptop-15-bw0xx systemd-resolved[641]: Using system hostname 'HP-Laptop-15-bw0xx'.
Jan 11 15:06:53 HP-Laptop-15-bw0xx kernel: [    0.376113] ACPI: Added _OSI(Linux-HPI-Hybrid-Graphics)
Jan 11 15:06:53 HP-Laptop-15-bw0xx kernel: [    0.399911] ACPI: 12 ACPI AML tables successfully acquired and loaded
Jan 11 15:06:53 HP-Laptop-15-bw0xx kernel: [    0.405414] ACPI: [Firmware Bug]: BIOS _OSI(Linux) query ignored
Jan 11 15:06:53 HP-Laptop-15-bw0xx systemd[1]: Started Network Name Resolution.
Jan 11 15:06:53 HP-Laptop-15-bw0xx kernel: [    0.409565] ACPI: EC: EC started
Jan 11 15:06:53 HP-Laptop-15-bw0xx kernel: [    0.409566] ACPI: EC: interrupt blocked
Jan 11 15:06:53 HP-Laptop-15-bw0xx kernel: [    0.409855] ACPI: \_SB_.PCI0.LPC0.EC0_: Used as first EC
Jan 11 15:06:53 HP-Laptop-15-bw0xx systemd[1]: Reached target Host and Network Name Lookups.
Jan 11 15:06:53 HP-Laptop-15-bw0xx kernel: [    0.409858] ACPI: \_SB_.PCI0.LPC0.EC0_: GPE=0x3, IRQ=-1, EC_CMD/EC_SC=0x66, EC_DATA=0x62
Jan 11 15:06:53 HP-Laptop-15-bw0xx apparmor[576]: Skipping profile in /etc/apparmor.d/disable: usr.bin.firefox
Jan 11 15:06:53 HP-Laptop-15-bw0xx kernel: [    0.409859] ACPI: \_SB_.PCI0.LPC0.EC0_: Boot DSDT EC used to handle transactions
Jan 11 15:06:53 HP-Laptop-15-bw0xx kernel: [    0.409860] ACPI: Interpreter enabled
Jan 11 15:06:53 HP-Laptop-15-bw0xx kernel: [    0.409889] ACPI: (supports S0 S3 S4 S5)
Jan 11 15:06:53 HP-Laptop-15-bw0xx kernel: [    0.409891] ACPI: Using IOAPIC for interrupt routing
Jan 11 15:06:53 HP-Laptop-15-bw0xx apparmor[576]: Skipping profile in /etc/apparmor.d/disable: usr.sbin.rsyslogd
Jan 11 15:06:53 HP-Laptop-15-bw0xx kernel: [    0.410095] PCI: Using host bridge windows from ACPI; if necessary, use "pci=nocrs" and report a bug
Jan 11 15:06:53 HP-Laptop-15-bw0xx apparmor[576]:    ...done.
Jan 11 15:06:53 HP-Laptop-15-bw0xx kernel: [    0.410457] ACPI: Enabled 7 GPEs in block 00 to 1F
Jan 11 15:06:53 HP-Laptop-15-bw0xx systemd[1]: Started AppArmor initialization.
Jan 11 15:06:53 HP-Laptop-15-bw0xx kernel: [    0.412796] ACPI: Power Resource [P0U2] (off)
Jan 11 15:06:53 HP-Laptop-15-bw0xx kernel: [    0.412836] ACPI: Power Resource [P3U2] (off)
Jan 11 15:06:53 HP-Laptop-15-bw0xx kernel: [    0.413262] ACPI: Power Resource [P0U3] (off)
Jan 11 15:06:53 HP-Laptop-15-bw0xx kernel: [    0.413299] ACPI: Power Resource [P3U3] (off)
Jan 11 15:06:53 HP-Laptop-15-bw0xx systemd[1]: Starting Raise network interfaces...
Jan 11 15:06:53 HP-Laptop-15-bw0xx kernel: [    0.414963] ACPI: Power Resource [P0ST] (on)
Jan 11 15:06:53 HP-Laptop-15-bw0xx kernel: [    0.415002] ACPI: Power Resource [P3ST] (on)
Jan 11 15:06:53 HP-Laptop-15-bw0xx systemd[1]: Starting Load AppArmor profiles managed internally by snapd...
Jan 11 15:06:53 HP-Laptop-15-bw0xx kernel: [    0.417974] ACPI: Power Resource [P0SD] (off)
Jan 11 15:06:53 HP-Laptop-15-bw0xx kernel: [    0.418013] ACPI: Power Resource [P3SD] (off)
Jan 11 15:06:53 HP-Laptop-15-bw0xx kernel: [    0.418903] ACPI BIOS Error (bug): Could not resolve symbol [\_SB.WLBU._STA.WLVD], AE_NOT_FOUND (20190816/psargs-330)
Jan 11 15:06:53 HP-Laptop-15-bw0xx systemd[1]: Started Load AppArmor profiles managed internally by snapd.
Jan 11 15:06:53 HP-Laptop-15-bw0xx kernel: [    0.418914] 
Jan 11 15:06:53 HP-Laptop-15-bw0xx kernel: [    0.418914] Initialized Local Variables for Method [_STA]:
Jan 11 15:06:53 HP-Laptop-15-bw0xx kernel: [    0.418915]   Local0: 000000005e5a0b76 <Obj>           Integer 0000000000000000
Jan 11 15:06:53 HP-Laptop-15-bw0xx systemd[1]: Reached target System Initialization.
Jan 11 15:06:53 HP-Laptop-15-bw0xx kernel: [    0.418920] No Arguments are initialized for method [_STA]
Jan 11 15:06:53 HP-Laptop-15-bw0xx systemd[1]: Listening on Avahi mDNS/DNS-SD Stack Activation Socket.
Jan 11 15:06:53 HP-Laptop-15-bw0xx kernel: [    0.418922] ACPI Error: Aborting method \_SB.WLBU._STA due to previous error (AE_NOT_FOUND) (20190816/psparse-531)
Jan 11 15:06:53 HP-Laptop-15-bw0xx kernel: [    0.421518] ACPI: PCI Root Bridge [PCI0] (domain 0000 [bus 00-ff])
Jan 11 15:06:53 HP-Laptop-15-bw0xx kernel: [    0.421524] acpi PNP0A08:00: _OSC: OS supports [ExtendedConfig ASPM ClockPM Segments MSI HPX-Type3]
Jan 11 15:06:53 HP-Laptop-15-bw0xx systemd[1]: Started Ubuntu Advantage Timer for running repeated jobs.
Jan 11 15:06:53 HP-Laptop-15-bw0xx kernel: [    0.421739] acpi PNP0A08:00: _OSC: platform does not support [SHPCHotplug LTR]
Jan 11 15:06:53 HP-Laptop-15-bw0xx kernel: [    0.421939] acpi PNP0A08:00: _OSC: OS now controls [PCIeHotplug PME AER PCIeCapability]
Jan 11 15:06:53 HP-Laptop-15-bw0xx kernel: [    0.421940] acpi PNP0A08:00: FADT indicates ASPM is unsupported, using BIOS configuration
Jan 11 15:06:53 HP-Laptop-15-bw0xx systemd[1]: Listening on ACPID Listen Socket.
Jan 11 15:06:53 HP-Laptop-15-bw0xx kernel: [    0.421960] acpi PNP0A08:00: [Firmware Info]: MMCONFIG for domain 0000 [bus 00-3f] only partially covers this bridge
Jan 11 15:06:53 HP-Laptop-15-bw0xx kernel: [    0.422093] acpi PNP0A08:00: ignoring host bridge window [mem 0x000cc000-0x000cffff window] (conflicts with Video ROM [mem 0x000c0000-0x000cfbff])
Jan 11 15:06:53 HP-Laptop-15-bw0xx systemd[1]: Started Message of the Day.
Jan 11 15:06:53 HP-Laptop-15-bw0xx kernel: [    0.422304] PCI host bridge to bus 0000:00
Jan 11 15:06:53 HP-Laptop-15-bw0xx kernel: [    0.422306] pci_bus 0000:00: root bus resource [io  0x0000-0x0cf7 window]
Jan 11 15:06:53 HP-Laptop-15-bw0xx systemd[1]: Listening on UUID daemon activation socket.
Jan 11 15:06:53 HP-Laptop-15-bw0xx kernel: [    0.422308] pci_bus 0000:00: root bus resource [io  0x0d00-0xffff window]
Jan 11 15:06:53 HP-Laptop-15-bw0xx kernel: [    0.422309] pci_bus 0000:00: root bus resource [mem 0x000a0000-0x000bffff window]
Jan 11 15:06:53 HP-Laptop-15-bw0xx systemd[1]: Started Daily apt download activities.
Jan 11 15:06:53 HP-Laptop-15-bw0xx kernel: [    0.422310] pci_bus 0000:00: root bus resource [mem 0x000c0000-0x000c3fff window]
Jan 11 15:06:53 HP-Laptop-15-bw0xx kernel: [    0.422312] pci_bus 0000:00: root bus resource [mem 0x000c4000-0x000c7fff window]
Jan 11 15:06:53 HP-Laptop-15-bw0xx kernel: [    0.422313] pci_bus 0000:00: root bus resource [mem 0x000c8000-0x000cbfff window]
Jan 11 15:06:53 HP-Laptop-15-bw0xx kernel: [    0.422314] pci_bus 0000:00: root bus resource [mem 0x000d0000-0x000d3fff window]
Jan 11 15:06:53 HP-Laptop-15-bw0xx kernel: [    0.422315] pci_bus 0000:00: root bus resource [mem 0x000d4000-0x000d7fff window]
Jan 11 15:06:53 HP-Laptop-15-bw0xx systemd[1]: Listening on CUPS Scheduler.
Jan 11 15:06:53 HP-Laptop-15-bw0xx kernel: [    0.422316] pci_bus 0000:00: root bus resource [mem 0x000d8000-0x000dbfff window]
Jan 11 15:06:53 HP-Laptop-15-bw0xx systemd[1]: Started ACPI Events Check.
Jan 11 15:06:53 HP-Laptop-15-bw0xx kernel: [    0.422317] pci_bus 0000:00: root bus resource [mem 0x000dc000-0x000dffff window]
Jan 11 15:06:53 HP-Laptop-15-bw0xx kernel: [    0.422318] pci_bus 0000:00: root bus resource [mem 0x000e0000-0x000e3fff window]
Jan 11 15:06:53 HP-Laptop-15-bw0xx kernel: [    0.422319] pci_bus 0000:00: root bus resource [mem 0x000e4000-0x000e7fff window]
Jan 11 15:06:53 HP-Laptop-15-bw0xx kernel: [    0.422321] pci_bus 0000:00: root bus resource [mem 0x000e8000-0x000ebfff window]
Jan 11 15:06:53 HP-Laptop-15-bw0xx systemd[1]: Started Discard unused blocks once a week.
Jan 11 15:06:53 HP-Laptop-15-bw0xx kernel: [    0.422322] pci_bus 0000:00: root bus resource [mem 0x000ec000-0x000effff window]
Jan 11 15:06:53 HP-Laptop-15-bw0xx kernel: [    0.422323] pci_bus 0000:00: root bus resource [mem 0xe0000000-0xf7ffffff window]
Jan 11 15:06:53 HP-Laptop-15-bw0xx kernel: [    0.422324] pci_bus 0000:00: root bus resource [mem 0xfc000000-0xfed3ffff window]
Jan 11 15:06:53 HP-Laptop-15-bw0xx systemd[1]: Started Daily apt upgrade and clean activities.
Jan 11 15:06:53 HP-Laptop-15-bw0xx kernel: [    0.422326] pci_bus 0000:00: root bus resource [bus 00-ff]
Jan 11 15:06:53 HP-Laptop-15-bw0xx systemd[1]: Started Daily Cleanup of Temporary Directories.
Jan 11 15:06:53 HP-Laptop-15-bw0xx kernel: [    0.422337] pci 0000:00:00.0: [1022:1576] type 00 class 0x060000
Jan 11 15:06:53 HP-Laptop-15-bw0xx systemd[1]: Listening on D-Bus System Message Bus Socket.
Jan 11 15:06:53 HP-Laptop-15-bw0xx kernel: [    0.422448] pci 0000:00:00.2: [1022:1577] type 00 class 0x080600
Jan 11 15:06:53 HP-Laptop-15-bw0xx kernel: [    0.422564] pci 0000:00:01.0: [1002:98e4] type 00 class 0x030000
Jan 11 15:06:53 HP-Laptop-15-bw0xx kernel: [    0.422581] pci 0000:00:01.0: reg 0x10: [mem 0xe0000000-0xefffffff 64bit pref]
Jan 11 15:06:53 HP-Laptop-15-bw0xx kernel: [    0.422589] pci 0000:00:01.0: reg 0x18: [mem 0xf0800000-0xf0ffffff 64bit pref]
Jan 11 15:06:53 HP-Laptop-15-bw0xx systemd[1]: Started CUPS Scheduler.
Jan 11 15:06:53 HP-Laptop-15-bw0xx kernel: [    0.422594] pci 0000:00:01.0: reg 0x20: [io  0x4000-0x40ff]
Jan 11 15:06:53 HP-Laptop-15-bw0xx systemd[1]: Started Trigger to poll for Ubuntu Pro licenses (Only enabled on GCP LTS non-pro).
Jan 11 15:06:53 HP-Laptop-15-bw0xx kernel: [    0.422599] pci 0000:00:01.0: reg 0x24: [mem 0xf0400000-0xf043ffff]
Jan 11 15:06:53 HP-Laptop-15-bw0xx systemd[1]: Reached target Paths.
Jan 11 15:06:53 HP-Laptop-15-bw0xx kernel: [    0.422605] pci 0000:00:01.0: reg 0x30: [mem 0xfffe0000-0xffffffff pref]
Jan 11 15:06:53 HP-Laptop-15-bw0xx kernel: [    0.422610] pci 0000:00:01.0: enabling Extended Tags
Jan 11 15:06:53 HP-Laptop-15-bw0xx kernel: [    0.422619] pci 0000:00:01.0: BAR 0: assigned to efifb
Jan 11 15:06:53 HP-Laptop-15-bw0xx kernel: [    0.422649] pci 0000:00:01.0: supports D1 D2
Jan 11 15:06:53 HP-Laptop-15-bw0xx kernel: [    0.422650] pci 0000:00:01.0: PME# supported from D1 D2 D3hot
Jan 11 15:06:53 HP-Laptop-15-bw0xx systemd[1]: Starting Socket activation for snappy daemon.
Jan 11 15:06:53 HP-Laptop-15-bw0xx kernel: [    0.422759] pci 0000:00:01.1: [1002:15b3] type 00 class 0x040300
Jan 11 15:06:53 HP-Laptop-15-bw0xx systemd[1]: Started Trigger anacron every hour.
Jan 11 15:06:53 HP-Laptop-15-bw0xx kernel: [    0.422774] pci 0000:00:01.1: reg 0x10: [mem 0xf0460000-0xf0463fff 64bit]
Jan 11 15:06:53 HP-Laptop-15-bw0xx systemd[1]: Reached target Timers.
Jan 11 15:06:53 HP-Laptop-15-bw0xx kernel: [    0.422797] pci 0000:00:01.1: enabling Extended Tags
Jan 11 15:06:53 HP-Laptop-15-bw0xx kernel: [    0.422825] pci 0000:00:01.1: supports D1 D2
Jan 11 15:06:53 HP-Laptop-15-bw0xx kernel: [    0.422905] pci 0000:00:02.0: [1022:157b] type 00 class 0x060000
Jan 11 15:06:53 HP-Laptop-15-bw0xx kernel: [    0.422999] pci 0000:00:02.1: [1022:157c] type 01 class 0x060400
Jan 11 15:06:53 HP-Laptop-15-bw0xx systemd[1]: Listening on Socket activation for snappy daemon.
Jan 11 15:06:53 HP-Laptop-15-bw0xx kernel: [    0.423035] pci 0000:00:02.1: enabling Extended Tags
Jan 11 15:06:53 HP-Laptop-15-bw0xx kernel: [    0.423110] pci 0000:00:02.1: PME# supported from D0 D3hot D3cold
Jan 11 15:06:53 HP-Laptop-15-bw0xx kernel: [    0.423194] pci 0000:00:02.2: [1022:157c] type 01 class 0x060400
Jan 11 15:06:53 HP-Laptop-15-bw0xx kernel: [    0.423229] pci 0000:00:02.2: enabling Extended Tags
Jan 11 15:06:53 HP-Laptop-15-bw0xx systemd[1]: Reached target Sockets.
Jan 11 15:06:53 HP-Laptop-15-bw0xx kernel: [    0.423271] pci 0000:00:02.2: PME# supported from D0 D3hot D3cold
Jan 11 15:06:53 HP-Laptop-15-bw0xx kernel: [    0.423384] pci 0000:00:02.4: [1022:157c] type 01 class 0x060400
Jan 11 15:06:53 HP-Laptop-15-bw0xx kernel: [    0.423420] pci 0000:00:02.4: enabling Extended Tags
Jan 11 15:06:53 HP-Laptop-15-bw0xx systemd[1]: Reached target Basic System.
Jan 11 15:06:53 HP-Laptop-15-bw0xx kernel: [    0.423460] pci 0000:00:02.4: PME# supported from D0 D3hot D3cold
Jan 11 15:06:53 HP-Laptop-15-bw0xx systemd[1]: Started Run anacron jobs.
Jan 11 15:06:53 HP-Laptop-15-bw0xx kernel: [    0.423580] pci 0000:00:03.0: [1022:157b] type 00 class 0x060000
Jan 11 15:06:53 HP-Laptop-15-bw0xx kernel: [    0.423683] pci 0000:00:08.0: [1022:1578] type 00 class 0x108000
Jan 11 15:06:53 HP-Laptop-15-bw0xx kernel: [    0.423696] pci 0000:00:08.0: reg 0x10: [mem 0xf0440000-0xf045ffff 64bit pref]
Jan 11 15:06:53 HP-Laptop-15-bw0xx systemd[1]: Started irqbalance daemon.
Jan 11 15:06:53 HP-Laptop-15-bw0xx kernel: [    0.423700] pci 0000:00:08.0: reg 0x18: [mem 0xf0200000-0xf02fffff]
Jan 11 15:06:53 HP-Laptop-15-bw0xx kernel: [    0.423705] pci 0000:00:08.0: reg 0x1c: [mem 0xf046f000-0xf046ffff]
Jan 11 15:06:53 HP-Laptop-15-bw0xx kernel: [    0.423712] pci 0000:00:08.0: reg 0x24: [mem 0xf046a000-0xf046bfff]
Jan 11 15:06:53 HP-Laptop-15-bw0xx systemd[1]: Started D-Bus System Message Bus.
Jan 11 15:06:53 HP-Laptop-15-bw0xx kernel: [    0.423821] pci 0000:00:09.0: [1022:157d] type 00 class 0x060000
Jan 11 15:06:53 HP-Laptop-15-bw0xx kernel: [    0.423911] pci 0000:00:09.2: [1022:157a] type 00 class 0x040300
Jan 11 15:06:53 HP-Laptop-15-bw0xx kernel: [    0.423922] pci 0000:00:09.2: reg 0x10: [mem 0xf0464000-0xf0467fff]
Jan 11 15:06:53 HP-Laptop-15-bw0xx anacron[710]: Anacron 2.3 started on 2022-01-11
Jan 11 15:06:53 HP-Laptop-15-bw0xx kernel: [    0.423957] pci 0000:00:09.2: PME# supported from D0 D3hot D3cold
Jan 11 15:06:53 HP-Laptop-15-bw0xx kernel: [    0.424067] pci 0000:00:10.0: [1022:7914] type 00 class 0x0c0330
Jan 11 15:06:53 HP-Laptop-15-bw0xx kernel: [    0.424095] pci 0000:00:10.0: reg 0x10: [mem 0xf0468000-0xf0469fff 64bit]
Jan 11 15:06:53 HP-Laptop-15-bw0xx anacron[710]: Normal exit (0 jobs run)
Jan 11 15:06:53 HP-Laptop-15-bw0xx kernel: [    0.424203] pci 0000:00:10.0: PME# supported from D0 D3hot D3cold
Jan 11 15:06:53 HP-Laptop-15-bw0xx dbus-daemon[712]: dbus[712]: Unknown group "power" in message bus configuration file
Jan 11 15:06:53 HP-Laptop-15-bw0xx kernel: [    0.424318] pci 0000:00:11.0: [1022:7904] type 00 class 0x010601
Jan 11 15:06:53 HP-Laptop-15-bw0xx kernel: [    0.424337] pci 0000:00:11.0: reg 0x10: [io  0x4118-0x411f]
Jan 11 15:06:53 HP-Laptop-15-bw0xx dbus-daemon[712]: [system] AppArmor D-Bus mediation is enabled
Jan 11 15:06:53 HP-Laptop-15-bw0xx kernel: [    0.424346] pci 0000:00:11.0: reg 0x14: [io  0x4124-0x4127]
Jan 11 15:06:53 HP-Laptop-15-bw0xx kernel: [    0.424354] pci 0000:00:11.0: reg 0x18: [io  0x4110-0x4117]
Jan 11 15:06:53 HP-Laptop-15-bw0xx kernel: [    0.424362] pci 0000:00:11.0: reg 0x1c: [io  0x4120-0x4123]
Jan 11 15:06:53 HP-Laptop-15-bw0xx kernel: [    0.424370] pci 0000:00:11.0: reg 0x20: [io  0x4100-0x410f]
Jan 11 15:06:53 HP-Laptop-15-bw0xx systemd[1]: Starting LSB: Record successful boot for GRUB...
Jan 11 15:06:53 HP-Laptop-15-bw0xx kernel: [    0.424378] pci 0000:00:11.0: reg 0x24: [mem 0xf046c000-0xf046c3ff]
Jan 11 15:06:53 HP-Laptop-15-bw0xx systemd[1]: Starting System Logging Service...
Jan 11 15:06:53 HP-Laptop-15-bw0xx kernel: [    0.424416] pci 0000:00:11.0: PME# supported from D3hot
Jan 11 15:06:53 HP-Laptop-15-bw0xx kernel: [    0.424739] pci 0000:00:12.0: [1022:7908] type 00 class 0x0c0320
Jan 11 15:06:53 HP-Laptop-15-bw0xx systemd[1]: Starting Restore /etc/resolv.conf if the system crashed before the ppp link was shut down...
Jan 11 15:06:53 HP-Laptop-15-bw0xx kernel: [    0.425988] pci 0000:00:12.0: reg 0x10: [mem 0xf046d000-0xf046d0ff]
Jan 11 15:06:53 HP-Laptop-15-bw0xx kernel: [    0.429519] pci 0000:00:12.0: supports D1 D2
Jan 11 15:06:53 HP-Laptop-15-bw0xx kernel: [    0.429520] pci 0000:00:12.0: PME# supported from D0 D1 D2 D3hot D3cold
Jan 11 15:06:53 HP-Laptop-15-bw0xx systemd[1]: Starting Dispatcher daemon for systemd-networkd...
Jan 11 15:06:53 HP-Laptop-15-bw0xx systemd[1]: Starting Login Service...
Jan 11 15:06:53 HP-Laptop-15-bw0xx systemd[1]: Starting Accounts Service...
Jan 11 15:06:53 HP-Laptop-15-bw0xx systemd[1]: Starting Network Manager...
Jan 11 15:06:53 HP-Laptop-15-bw0xx systemd[1]: Reached target Login Prompts.
Jan 11 15:06:53 HP-Laptop-15-bw0xx systemd[1]: Started CUPS Scheduler.
Jan 11 15:06:53 HP-Laptop-15-bw0xx systemd[1]: Starting Disk Manager...
Jan 11 15:06:53 HP-Laptop-15-bw0xx systemd[1]: Started Set the CPU Frequency Scaling governor.
Jan 11 15:06:53 HP-Laptop-15-bw0xx systemd[1]: Starting WPA supplicant...
Jan 11 15:06:53 HP-Laptop-15-bw0xx systemd[1]: Starting LSB: automatic crash report generation...
Jan 11 15:06:53 HP-Laptop-15-bw0xx systemd[1]: Starting LSB: Speech Dispatcher...
Jan 11 15:06:53 HP-Laptop-15-bw0xx systemd[1]: Starting Avahi mDNS/DNS-SD Stack...
Jan 11 15:06:53 HP-Laptop-15-bw0xx systemd[1]: Started ACPI event daemon.
Jan 11 15:06:53 HP-Laptop-15-bw0xx kernel: [    0.429622] pci 0000:00:14.0: [1022:790b] type 00 class 0x0c0500
Jan 11 15:06:53 HP-Laptop-15-bw0xx kernel: [    0.429770] pci 0000:00:14.3: [1022:790e] type 00 class 0x060100
Jan 11 15:06:53 HP-Laptop-15-bw0xx systemd[1]: Starting Thermal Daemon Service...
Jan 11 15:06:53 HP-Laptop-15-bw0xx kernel: [    0.429926] pci 0000:00:18.0: [1022:15b0] type 00 class 0x060000
Jan 11 15:06:53 HP-Laptop-15-bw0xx systemd[1]: Started Regular background program processing daemon.
Jan 11 15:06:53 HP-Laptop-15-bw0xx kernel: [    0.430004] pci 0000:00:18.1: [1022:15b1] type 00 class 0x060000
Jan 11 15:06:53 HP-Laptop-15-bw0xx kernel: [    0.430087] pci 0000:00:18.2: [1022:15b2] type 00 class 0x060000
Jan 11 15:06:53 HP-Laptop-15-bw0xx kernel: [    0.430170] pci 0000:00:18.3: [1022:15b3] type 00 class 0x060000
Jan 11 15:06:53 HP-Laptop-15-bw0xx kernel: [    0.430250] pci 0000:00:18.4: [1022:15b4] type 00 class 0x060000
Jan 11 15:06:53 HP-Laptop-15-bw0xx systemd[1]: Starting Modem Manager...
Jan 11 15:06:53 HP-Laptop-15-bw0xx kernel: [    0.430332] pci 0000:00:18.5: [1022:15b5] type 00 class 0x060000
Jan 11 15:06:53 HP-Laptop-15-bw0xx kernel: [    0.430485] pci 0000:00:02.1: PCI bridge to [bus 01]
Jan 11 15:06:53 HP-Laptop-15-bw0xx kernel: [    0.430564] pci 0000:02:00.0: [10ec:8168] type 00 class 0x020000
Jan 11 15:06:53 HP-Laptop-15-bw0xx systemd[1]: Starting Detect the available GPUs and deal with any system changes...
Jan 11 15:06:53 HP-Laptop-15-bw0xx kernel: [    0.430599] pci 0000:02:00.0: reg 0x10: [io  0x3000-0x30ff]
Jan 11 15:06:53 HP-Laptop-15-bw0xx kernel: [    0.430626] pci 0000:02:00.0: reg 0x18: [mem 0xf0304000-0xf0304fff 64bit]
Jan 11 15:06:53 HP-Laptop-15-bw0xx kernel: [    0.430645] pci 0000:02:00.0: reg 0x20: [mem 0xf0300000-0xf0303fff 64bit]
Jan 11 15:06:53 HP-Laptop-15-bw0xx systemd[1]: Starting Save/Restore Sound Card State...
Jan 11 15:06:53 HP-Laptop-15-bw0xx kernel: [    0.430744] pci 0000:02:00.0: supports D1 D2
Jan 11 15:06:53 HP-Laptop-15-bw0xx systemd[1]: Starting Initialize hardware monitoring sensors...
Jan 11 15:06:53 HP-Laptop-15-bw0xx kernel: [    0.430745] pci 0000:02:00.0: PME# supported from D0 D1 D2 D3hot D3cold
Jan 11 15:06:53 HP-Laptop-15-bw0xx kernel: [    0.430919] pci 0000:00:02.2: PCI bridge to [bus 02]
Jan 11 15:06:53 HP-Laptop-15-bw0xx kernel: [    0.430923] pci 0000:00:02.2:   bridge window [io  0x3000-0x3fff]
Jan 11 15:06:53 HP-Laptop-15-bw0xx kernel: [    0.430926] pci 0000:00:02.2:   bridge window [mem 0xf0300000-0xf03fffff]
Jan 11 15:06:53 HP-Laptop-15-bw0xx systemd[1]: Starting Snap Daemon...
Jan 11 15:06:53 HP-Laptop-15-bw0xx kernel: [    0.431078] pci 0000:03:00.0: [10ec:d723] type 00 class 0x028000
Jan 11 15:06:53 HP-Laptop-15-bw0xx kernel: [    0.431111] pci 0000:03:00.0: reg 0x10: [io  0x2000-0x20ff]
Jan 11 15:06:53 HP-Laptop-15-bw0xx systemd[1]: Started Raise network interfaces.
Jan 11 15:06:53 HP-Laptop-15-bw0xx kernel: [    0.431139] pci 0000:03:00.0: reg 0x18: [mem 0xf1000000-0xf100ffff 64bit]
Jan 11 15:06:53 HP-Laptop-15-bw0xx kernel: [    0.431547] pci 0000:03:00.0: supports D1 D2
Jan 11 15:06:53 HP-Laptop-15-bw0xx kernel: [    0.431549] pci 0000:03:00.0: PME# supported from D0 D1 D2 D3hot D3cold
Jan 11 15:06:53 HP-Laptop-15-bw0xx kernel: [    0.431775] pci 0000:00:02.4: PCI bridge to [bus 03-05]
Jan 11 15:06:53 HP-Laptop-15-bw0xx grub-common[756]:  * Recording successful boot for GRUB
Jan 11 15:06:53 HP-Laptop-15-bw0xx kernel: [    0.431779] pci 0000:00:02.4:   bridge window [io  0x2000-0x2fff]
Jan 11 15:06:53 HP-Laptop-15-bw0xx kernel: [    0.431782] pci 0000:00:02.4:   bridge window [mem 0xf1000000-0xf10fffff]
Jan 11 15:06:53 HP-Laptop-15-bw0xx kernel: [    0.431786] pci 0000:00:02.4:   bridge window [mem 0xf0000000-0xf00fffff 64bit pref]
Jan 11 15:06:53 HP-Laptop-15-bw0xx systemd[1]: Started Save/Restore Sound Card State.
Jan 11 15:06:53 HP-Laptop-15-bw0xx kernel: [    0.500866] ACPI: PCI Interrupt Link [LNKA] (IRQs 3 5 6 10 11) *0, disabled.
Jan 11 15:06:53 HP-Laptop-15-bw0xx kernel: [    0.500962] ACPI: PCI Interrupt Link [LNKB] (IRQs 3 5 6 10 11) *0, disabled.
Jan 11 15:06:53 HP-Laptop-15-bw0xx kernel: [    0.501036] ACPI: PCI Interrupt Link [LNKC] (IRQs 3 5 6 10 11) *0, disabled.
Jan 11 15:06:53 HP-Laptop-15-bw0xx kernel: [    0.501128] ACPI: PCI Interrupt Link [LNKD] (IRQs 3 5 6 10 11) *0, disabled.
Jan 11 15:06:53 HP-Laptop-15-bw0xx kernel: [    0.501213] ACPI: PCI Interrupt Link [LNKE] (IRQs 3 5 6 10 11) *0, disabled.
Jan 11 15:06:53 HP-Laptop-15-bw0xx kernel: [    0.501281] ACPI: PCI Interrupt Link [LNKF] (IRQs 3 5 6 10 11) *0, disabled.
Jan 11 15:06:53 HP-Laptop-15-bw0xx speech-dispatcher[772]:  * speech-dispatcher disabled; edit /etc/default/speech-dispatcher
Jan 11 15:06:53 HP-Laptop-15-bw0xx kernel: [    0.501349] ACPI: PCI Interrupt Link [LNKG] (IRQs 3 5 6 10 11) *0, disabled.
Jan 11 15:06:53 HP-Laptop-15-bw0xx systemd[1]: Started LSB: Speech Dispatcher.
Jan 11 15:06:53 HP-Laptop-15-bw0xx kernel: [    0.501417] ACPI: PCI Interrupt Link [LNKH] (IRQs 3 5 6 10 11) *0, disabled.
Jan 11 15:06:53 HP-Laptop-15-bw0xx kernel: [    0.501490] ACPI BIOS Error (bug): Could not resolve symbol [\_SB.WLBU._STA.WLVD], AE_NOT_FOUND (20190816/psargs-330)
Jan 11 15:06:53 HP-Laptop-15-bw0xx kernel: [    0.501498] 
Jan 11 15:06:53 HP-Laptop-15-bw0xx kernel: [    0.501498] Initialized Local Variables for Method [_STA]:
Jan 11 15:06:53 HP-Laptop-15-bw0xx kernel: [    0.501499]   Local0: 000000004f114979 <Obj>           Integer 0000000000000000
Jan 11 15:06:53 HP-Laptop-15-bw0xx apport[771]:  * Starting automatic crash report generation: apport
Jan 11 15:06:53 HP-Laptop-15-bw0xx cron[778]: (CRON) INFO (pidfile fd = 3)
Jan 11 15:06:53 HP-Laptop-15-bw0xx kernel: [    0.501504] No Arguments are initialized for method [_STA]
Jan 11 15:06:53 HP-Laptop-15-bw0xx kernel: [    0.501506] ACPI Error: Aborting method \_SB.WLBU._STA due to previous error (AE_NOT_FOUND) (20190816/psparse-531)
Jan 11 15:06:53 HP-Laptop-15-bw0xx kernel: [    0.502142] ACPI: EC: interrupt unblocked
Jan 11 15:06:53 HP-Laptop-15-bw0xx kernel: [    0.502143] ACPI: EC: event unblocked
Jan 11 15:06:53 HP-Laptop-15-bw0xx kernel: [    0.503355] ACPI: \_SB_.PCI0.LPC0.EC0_: GPE=0x3, IRQ=-1, EC_CMD/EC_SC=0x66, EC_DATA=0x62
Jan 11 15:06:53 HP-Laptop-15-bw0xx kernel: [    0.503355] ACPI: \_SB_.PCI0.LPC0.EC0_: Boot DSDT EC used to handle transactions and events
Jan 11 15:06:53 HP-Laptop-15-bw0xx kernel: [    0.503379] iommu: Default domain type: Translated 
Jan 11 15:06:53 HP-Laptop-15-bw0xx kernel: [    0.503581] SCSI subsystem initialized
Jan 11 15:06:53 HP-Laptop-15-bw0xx kernel: [    0.503589] libata version 3.00 loaded.
Jan 11 15:06:53 HP-Laptop-15-bw0xx kernel: [    0.503589] pci 0000:00:01.0: vgaarb: setting as boot VGA device
Jan 11 15:06:53 HP-Laptop-15-bw0xx kernel: [    0.503589] pci 0000:00:01.0: vgaarb: VGA device added: decodes=io+mem,owns=io+mem,locks=none
Jan 11 15:06:53 HP-Laptop-15-bw0xx kernel: [    0.503589] pci 0000:00:01.0: vgaarb: bridge control possible
Jan 11 15:06:53 HP-Laptop-15-bw0xx kernel: [    0.503589] vgaarb: loaded
Jan 11 15:06:53 HP-Laptop-15-bw0xx kernel: [    0.503589] ACPI: bus type USB registered
Jan 11 15:06:53 HP-Laptop-15-bw0xx kernel: [    0.503589] usbcore: registered new interface driver usbfs
Jan 11 15:06:53 HP-Laptop-15-bw0xx kernel: [    0.503589] usbcore: registered new interface driver hub
Jan 11 15:06:53 HP-Laptop-15-bw0xx kernel: [    0.503589] usbcore: registered new device driver usb
Jan 11 15:06:53 HP-Laptop-15-bw0xx kernel: [    0.503589] pps_core: LinuxPPS API ver. 1 registered
Jan 11 15:06:53 HP-Laptop-15-bw0xx kernel: [    0.503589] pps_core: Software ver. 5.3.6 - Copyright 2005-2007 Rodolfo Giometti <giometti@linux.it>
Jan 11 15:06:53 HP-Laptop-15-bw0xx kernel: [    0.503589] PTP clock support registered
Jan 11 15:06:53 HP-Laptop-15-bw0xx acpid: starting up with netlink and the input layer
Jan 11 15:06:53 HP-Laptop-15-bw0xx kernel: [    0.503589] EDAC MC: Ver: 3.0.0
Jan 11 15:06:53 HP-Laptop-15-bw0xx kernel: [    0.503589] Registered efivars operations
Jan 11 15:06:53 HP-Laptop-15-bw0xx kernel: [    0.503589] PCI: Using ACPI for IRQ routing
Jan 11 15:06:53 HP-Laptop-15-bw0xx kernel: [    0.508734] PCI: pci_cache_line_size set to 64 bytes
Jan 11 15:06:53 HP-Laptop-15-bw0xx kernel: [    0.508990] e820: reserve RAM buffer [mem 0x00088000-0x0008ffff]
Jan 11 15:06:53 HP-Laptop-15-bw0xx kernel: [    0.508992] e820: reserve RAM buffer [mem 0xd4a33018-0xd7ffffff]
Jan 11 15:06:53 HP-Laptop-15-bw0xx kernel: [    0.508993] e820: reserve RAM buffer [mem 0xd4a41018-0xd7ffffff]
Jan 11 15:06:53 HP-Laptop-15-bw0xx kernel: [    0.508994] e820: reserve RAM buffer [mem 0xdcad1000-0xdfffffff]
Jan 11 15:06:53 HP-Laptop-15-bw0xx kernel: [    0.508995] e820: reserve RAM buffer [mem 0xdcb1c000-0xdfffffff]
Jan 11 15:06:53 HP-Laptop-15-bw0xx kernel: [    0.508997] e820: reserve RAM buffer [mem 0xdee0f000-0xdfffffff]
Jan 11 15:06:53 HP-Laptop-15-bw0xx kernel: [    0.508998] e820: reserve RAM buffer [mem 0xdfc00000-0xdfffffff]
Jan 11 15:06:53 HP-Laptop-15-bw0xx kernel: [    0.508999] e820: reserve RAM buffer [mem 0x1ff000000-0x1ffffffff]
Jan 11 15:06:53 HP-Laptop-15-bw0xx kernel: [    0.509115] NetLabel: Initializing
Jan 11 15:06:53 HP-Laptop-15-bw0xx kernel: [    0.509116] NetLabel:  domain hash size = 128
Jan 11 15:06:53 HP-Laptop-15-bw0xx kernel: [    0.509116] NetLabel:  protocols = UNLABELED CIPSOv4 CALIPSO
Jan 11 15:06:53 HP-Laptop-15-bw0xx kernel: [    0.509135] NetLabel:  unlabeled traffic allowed by default
Jan 11 15:06:53 HP-Laptop-15-bw0xx kernel: [    0.509153] hpet0: at MMIO 0xfed00000, IRQs 2, 8, 0
Jan 11 15:06:53 HP-Laptop-15-bw0xx kernel: [    0.509153] hpet0: 3 comparators, 32-bit 14.318180 MHz counter
Jan 11 15:06:53 HP-Laptop-15-bw0xx kernel: [    0.509464] clocksource: Switched to clocksource tsc-early
Jan 11 15:06:53 HP-Laptop-15-bw0xx systemd[1]: Started Login Service.
Jan 11 15:06:53 HP-Laptop-15-bw0xx kernel: [    0.524451] *** VALIDATE bpf ***
Jan 11 15:06:53 HP-Laptop-15-bw0xx kernel: [    0.524538] VFS: Disk quotas dquot_6.6.0
Jan 11 15:06:53 HP-Laptop-15-bw0xx kernel: [    0.524558] VFS: Dquot-cache hash table entries: 512 (order 0, 4096 bytes)
Jan 11 15:06:53 HP-Laptop-15-bw0xx kernel: [    0.524593] *** VALIDATE ramfs ***
Jan 11 15:06:53 HP-Laptop-15-bw0xx kernel: [    0.524596] *** VALIDATE hugetlbfs ***
Jan 11 15:06:53 HP-Laptop-15-bw0xx systemd[1]: Started Restore /etc/resolv.conf if the system crashed before the ppp link was shut down.
Jan 11 15:06:53 HP-Laptop-15-bw0xx kernel: [    0.524709] AppArmor: AppArmor Filesystem Enabled
Jan 11 15:06:53 HP-Laptop-15-bw0xx kernel: [    0.524748] pnp: PnP ACPI init
Jan 11 15:06:53 HP-Laptop-15-bw0xx acpid: 8 rules loaded
Jan 11 15:06:53 HP-Laptop-15-bw0xx kernel: [    0.525022] system 00:00: [mem 0xfec00000-0xfec01fff] could not be reserved
Jan 11 15:06:53 HP-Laptop-15-bw0xx kernel: [    0.525024] system 00:00: [mem 0xfee00000-0xfee00fff] has been reserved
Jan 11 15:06:53 HP-Laptop-15-bw0xx acpid: waiting for events: event logging is off
Jan 11 15:06:53 HP-Laptop-15-bw0xx kernel: [    0.525026] system 00:00: [mem 0xf0100000-0xf01fffff] has been reserved
Jan 11 15:06:53 HP-Laptop-15-bw0xx kernel: [    0.525032] system 00:00: Plug and Play ACPI device, IDs PNP0c02 (active)
Jan 11 15:06:53 HP-Laptop-15-bw0xx kernel: [    0.525205] pnp 00:01: Plug and Play ACPI device, IDs PNP0b00 (active)
Jan 11 15:06:53 HP-Laptop-15-bw0xx kernel: [    0.525240] pnp 00:02: Plug and Play ACPI device, IDs HPQ8001 PNP0303 (active)
Jan 11 15:06:53 HP-Laptop-15-bw0xx kernel: [    0.525265] pnp 00:03: Plug and Play ACPI device, IDs SYN3254 PNP0f13 (active)
Jan 11 15:06:53 HP-Laptop-15-bw0xx kernel: [    0.525313] system 00:04: [io  0x0400-0x04cf] has been reserved
Jan 11 15:06:53 HP-Laptop-15-bw0xx kernel: [    0.525315] system 00:04: [io  0x04d0-0x04d1] has been reserved
Jan 11 15:06:53 HP-Laptop-15-bw0xx apport[771]:    ...done.
Jan 11 15:06:53 HP-Laptop-15-bw0xx kernel: [    0.525316] system 00:04: [io  0x04d6] has been reserved
Jan 11 15:06:53 HP-Laptop-15-bw0xx kernel: [    0.525318] system 00:04: [io  0x0c00-0x0c01] has been reserved
Jan 11 15:06:53 HP-Laptop-15-bw0xx kernel: [    0.525319] system 00:04: [io  0x0c14] has been reserved
Jan 11 15:06:53 HP-Laptop-15-bw0xx cron[778]: (CRON) INFO (Running @reboot jobs)
Jan 11 15:06:53 HP-Laptop-15-bw0xx kernel: [    0.525322] system 00:04: [io  0x0c50-0x0c52] has been reserved
Jan 11 15:06:53 HP-Laptop-15-bw0xx systemd[1]: Started LSB: automatic crash report generation.
Jan 11 15:06:53 HP-Laptop-15-bw0xx kernel: [    0.525324] system 00:04: [io  0x0c6c] has been reserved
Jan 11 15:06:53 HP-Laptop-15-bw0xx avahi-daemon[773]: Found user 'avahi' (UID 115) and group 'avahi' (GID 122).
Jan 11 15:06:53 HP-Laptop-15-bw0xx kernel: [    0.525325] system 00:04: [io  0x0c6f] has been reserved
Jan 11 15:06:53 HP-Laptop-15-bw0xx kernel: [    0.525327] system 00:04: [io  0x0cd0-0x0cdb] has been reserved
Jan 11 15:06:53 HP-Laptop-15-bw0xx kernel: [    0.525331] system 00:04: Plug and Play ACPI device, IDs PNP0c02 (active)
Jan 11 15:06:53 HP-Laptop-15-bw0xx kernel: [    0.525411] system 00:05: [mem 0x000e0000-0x000fffff] could not be reserved
Jan 11 15:06:53 HP-Laptop-15-bw0xx systemd[1]: Started Avahi mDNS/DNS-SD Stack.
Jan 11 15:06:53 HP-Laptop-15-bw0xx kernel: [    0.525413] system 00:05: [mem 0xff800000-0xffffffff] has been reserved
Jan 11 15:06:53 HP-Laptop-15-bw0xx kernel: [    0.525417] system 00:05: Plug and Play ACPI device, IDs PNP0c01 (active)
Jan 11 15:06:53 HP-Laptop-15-bw0xx avahi-daemon[773]: Successfully dropped root privileges.
Jan 11 15:06:53 HP-Laptop-15-bw0xx kernel: [    0.588801] ACPI BIOS Error (bug): Could not resolve symbol [\_SB.WLBU._STA.WLVD], AE_NOT_FOUND (20190816/psargs-330)
Jan 11 15:06:53 HP-Laptop-15-bw0xx kernel: [    0.588812] 
Jan 11 15:06:53 HP-Laptop-15-bw0xx kernel: [    0.588812] Initialized Local Variables for Method [_STA]:
Jan 11 15:06:53 HP-Laptop-15-bw0xx systemd[1]: Started Make remote CUPS printers available locally.
Jan 11 15:06:53 HP-Laptop-15-bw0xx kernel: [    0.588813]   Local0: 00000000126af3eb <Obj>           Integer 0000000000000000
Jan 11 15:06:53 HP-Laptop-15-bw0xx kernel: [    0.588818] No Arguments are initialized for method [_STA]
Jan 11 15:06:53 HP-Laptop-15-bw0xx kernel: [    0.588820] ACPI Error: Aborting method \_SB.WLBU._STA due to previous error (AE_NOT_FOUND) (20190816/psparse-531)
Jan 11 15:06:53 HP-Laptop-15-bw0xx avahi-daemon[773]: avahi-daemon 0.7 starting up.
Jan 11 15:06:53 HP-Laptop-15-bw0xx kernel: [    0.589161] pnp: PnP ACPI: found 6 devices
Jan 11 15:06:53 HP-Laptop-15-bw0xx avahi-daemon[773]: Successfully called chroot().
Jan 11 15:06:53 HP-Laptop-15-bw0xx kernel: [    0.590851] thermal_sys: Registered thermal governor 'fair_share'
Jan 11 15:06:53 HP-Laptop-15-bw0xx kernel: [    0.590852] thermal_sys: Registered thermal governor 'bang_bang'
Jan 11 15:06:53 HP-Laptop-15-bw0xx kernel: [    0.590853] thermal_sys: Registered thermal governor 'step_wise'
Jan 11 15:06:53 HP-Laptop-15-bw0xx kernel: [    0.590854] thermal_sys: Registered thermal governor 'user_space'
Jan 11 15:06:53 HP-Laptop-15-bw0xx avahi-daemon[773]: Successfully dropped remaining capabilities.
Jan 11 15:06:53 HP-Laptop-15-bw0xx avahi-daemon[773]: No service file found in /etc/avahi/services.
Jan 11 15:06:53 HP-Laptop-15-bw0xx avahi-daemon[773]: Joining mDNS multicast group on interface lo.IPv6 with address ::1.
Jan 11 15:06:53 HP-Laptop-15-bw0xx avahi-daemon[773]: New relevant interface lo.IPv6 for mDNS.
Jan 11 15:06:53 HP-Laptop-15-bw0xx avahi-daemon[773]: Joining mDNS multicast group on interface lo.IPv4 with address 127.0.0.1.
Jan 11 15:06:53 HP-Laptop-15-bw0xx avahi-daemon[773]: New relevant interface lo.IPv4 for mDNS.
Jan 11 15:06:53 HP-Laptop-15-bw0xx avahi-daemon[773]: Network interface enumeration completed.
Jan 11 15:06:53 HP-Laptop-15-bw0xx avahi-daemon[773]: Registering new address record for ::1 on lo.*.
Jan 11 15:06:53 HP-Laptop-15-bw0xx avahi-daemon[773]: Registering new address record for 127.0.0.1 on lo.IPv4.
Jan 11 15:06:53 HP-Laptop-15-bw0xx sensors[815]: k10temp-pci-00c3
Jan 11 15:06:53 HP-Laptop-15-bw0xx sensors[815]: Adapter: PCI adapter
Jan 11 15:06:53 HP-Laptop-15-bw0xx sensors[815]: temp1:        +65.6°C  (high = +70.0°C)
Jan 11 15:06:53 HP-Laptop-15-bw0xx kernel: [    0.590854] thermal_sys: Registered thermal governor 'power_allocator'
Jan 11 15:06:53 HP-Laptop-15-bw0xx sensors[815]:                        (crit = +100.0°C, hyst = +99.0°C)
Jan 11 15:06:53 HP-Laptop-15-bw0xx kernel: [    0.595365] clocksource: acpi_pm: mask: 0xffffff max_cycles: 0xffffff, max_idle_ns: 2085701024 ns
Jan 11 15:06:53 HP-Laptop-15-bw0xx kernel: [    0.595408] pci 0000:00:01.0: can't claim BAR 6 [mem 0xfffe0000-0xffffffff pref]: no compatible bridge window
Jan 11 15:06:53 HP-Laptop-15-bw0xx sensors[815]: amdgpu-pci-0008
Jan 11 15:06:53 HP-Laptop-15-bw0xx kernel: [    0.595420] pci 0000:00:02.1: bridge window [io  0x1000-0x0fff] to [bus 01] add_size 1000
Jan 11 15:06:53 HP-Laptop-15-bw0xx kernel: [    0.595423] pci 0000:00:02.1: bridge window [mem 0x00100000-0x000fffff 64bit pref] to [bus 01] add_size 200000 add_align 100000
Jan 11 15:06:53 HP-Laptop-15-bw0xx kernel: [    0.595425] pci 0000:00:02.1: bridge window [mem 0x00100000-0x000fffff] to [bus 01] add_size 200000 add_align 100000
Jan 11 15:06:53 HP-Laptop-15-bw0xx sensors[815]: Adapter: PCI adapter
Jan 11 15:06:53 HP-Laptop-15-bw0xx kernel: [    0.595438] pci 0000:00:02.1: BAR 14: assigned [mem 0xf0500000-0xf06fffff]
Jan 11 15:06:53 HP-Laptop-15-bw0xx sensors[815]: vddgfx:       +1.55 V
Jan 11 15:06:53 HP-Laptop-15-bw0xx kernel: [    0.595449] pci 0000:00:02.1: BAR 15: assigned [mem 0xf1100000-0xf12fffff 64bit pref]
Jan 11 15:06:53 HP-Laptop-15-bw0xx kernel: [    0.595454] pci 0000:00:01.0: BAR 6: assigned [mem 0xf0480000-0xf049ffff pref]
Jan 11 15:06:53 HP-Laptop-15-bw0xx kernel: [    0.595458] pci 0000:00:02.1: BAR 13: assigned [io  0x1000-0x1fff]
Jan 11 15:06:53 HP-Laptop-15-bw0xx sensors[815]: vddnb:        +0.81 V
Jan 11 15:06:53 HP-Laptop-15-bw0xx kernel: [    0.595462] pci 0000:00:02.1: PCI bridge to [bus 01]
Jan 11 15:06:53 HP-Laptop-15-bw0xx kernel: [    0.595465] pci 0000:00:02.1:   bridge window [io  0x1000-0x1fff]
Jan 11 15:06:53 HP-Laptop-15-bw0xx kernel: [    0.595468] pci 0000:00:02.1:   bridge window [mem 0xf0500000-0xf06fffff]
Jan 11 15:06:53 HP-Laptop-15-bw0xx kernel: [    0.595471] pci 0000:00:02.1:   bridge window [mem 0xf1100000-0xf12fffff 64bit pref]
Jan 11 15:06:53 HP-Laptop-15-bw0xx sensors[815]: edge:         +65.0°C  (crit =  +1.0°C, hyst = -273.1°C)
Jan 11 15:06:53 HP-Laptop-15-bw0xx kernel: [    0.595475] pci 0000:00:02.2: PCI bridge to [bus 02]
Jan 11 15:06:53 HP-Laptop-15-bw0xx sensors[815]: fam15h_power-pci-00c4
Jan 11 15:06:53 HP-Laptop-15-bw0xx kernel: [    0.595477] pci 0000:00:02.2:   bridge window [io  0x3000-0x3fff]
Jan 11 15:06:53 HP-Laptop-15-bw0xx kernel: [    0.595480] pci 0000:00:02.2:   bridge window [mem 0xf0300000-0xf03fffff]
Jan 11 15:06:53 HP-Laptop-15-bw0xx kernel: [    0.595486] pci 0000:00:02.4: PCI bridge to [bus 03-05]
Jan 11 15:06:53 HP-Laptop-15-bw0xx kernel: [    0.595488] pci 0000:00:02.4:   bridge window [io  0x2000-0x2fff]
Jan 11 15:06:53 HP-Laptop-15-bw0xx sensors[815]: Adapter: PCI adapter
Jan 11 15:06:53 HP-Laptop-15-bw0xx kernel: [    0.595491] pci 0000:00:02.4:   bridge window [mem 0xf1000000-0xf10fffff]
Jan 11 15:06:53 HP-Laptop-15-bw0xx sensors[815]: power1:       24.90 mW (avg =  11.85 mW, interval =   0.01 s)
Jan 11 15:06:53 HP-Laptop-15-bw0xx kernel: [    0.595494] pci 0000:00:02.4:   bridge window [mem 0xf0000000-0xf00fffff 64bit pref]
Jan 11 15:06:53 HP-Laptop-15-bw0xx kernel: [    0.595500] pci_bus 0000:00: resource 4 [io  0x0000-0x0cf7 window]
Jan 11 15:06:53 HP-Laptop-15-bw0xx kernel: [    0.595501] pci_bus 0000:00: resource 5 [io  0x0d00-0xffff window]
Jan 11 15:06:53 HP-Laptop-15-bw0xx sensors[815]:                        (crit =  15.00 W)
Jan 11 15:06:53 HP-Laptop-15-bw0xx kernel: [    0.595502] pci_bus 0000:00: resource 6 [mem 0x000a0000-0x000bffff window]
Jan 11 15:06:53 HP-Laptop-15-bw0xx kernel: [    0.595504] pci_bus 0000:00: resource 7 [mem 0x000c0000-0x000c3fff window]
Jan 11 15:06:53 HP-Laptop-15-bw0xx kernel: [    0.595505] pci_bus 0000:00: resource 8 [mem 0x000c4000-0x000c7fff window]
Jan 11 15:06:53 HP-Laptop-15-bw0xx kernel: [    0.595506] pci_bus 0000:00: resource 9 [mem 0x000c8000-0x000cbfff window]
Jan 11 15:06:53 HP-Laptop-15-bw0xx systemd[1]: Started Initialize hardware monitoring sensors.
Jan 11 15:06:53 HP-Laptop-15-bw0xx rsyslogd: imuxsock: Acquired UNIX socket '/run/systemd/journal/syslog' (fd 3) from systemd.  [v8.32.0]
Jan 11 15:06:53 HP-Laptop-15-bw0xx kernel: [    0.595507] pci_bus 0000:00: resource 10 [mem 0x000d0000-0x000d3fff window]
Jan 11 15:06:53 HP-Laptop-15-bw0xx kernel: [    0.595508] pci_bus 0000:00: resource 11 [mem 0x000d4000-0x000d7fff window]
Jan 11 15:06:53 HP-Laptop-15-bw0xx kernel: [    0.595510] pci_bus 0000:00: resource 12 [mem 0x000d8000-0x000dbfff window]
Jan 11 15:06:53 HP-Laptop-15-bw0xx systemd[1]: Started System Logging Service.
Jan 11 15:06:53 HP-Laptop-15-bw0xx kernel: [    0.595511] pci_bus 0000:00: resource 13 [mem 0x000dc000-0x000dffff window]
Jan 11 15:06:53 HP-Laptop-15-bw0xx kernel: [    0.595512] pci_bus 0000:00: resource 14 [mem 0x000e0000-0x000e3fff window]
Jan 11 15:06:53 HP-Laptop-15-bw0xx kernel: [    0.595513] pci_bus 0000:00: resource 15 [mem 0x000e4000-0x000e7fff window]
Jan 11 15:06:53 HP-Laptop-15-bw0xx kernel: [    0.595514] pci_bus 0000:00: resource 16 [mem 0x000e8000-0x000ebfff window]
Jan 11 15:06:53 HP-Laptop-15-bw0xx rsyslogd: rsyslogd's groupid changed to 106
Jan 11 15:06:53 HP-Laptop-15-bw0xx kernel: [    0.595515] pci_bus 0000:00: resource 17 [mem 0x000ec000-0x000effff window]
Jan 11 15:06:53 HP-Laptop-15-bw0xx kernel: [    0.595516] pci_bus 0000:00: resource 18 [mem 0xe0000000-0xf7ffffff window]
Jan 11 15:06:53 HP-Laptop-15-bw0xx kernel: [    0.595517] pci_bus 0000:00: resource 19 [mem 0xfc000000-0xfed3ffff window]
Jan 11 15:06:53 HP-Laptop-15-bw0xx kernel: [    0.595519] pci_bus 0000:01: resource 0 [io  0x1000-0x1fff]
Jan 11 15:06:53 HP-Laptop-15-bw0xx kernel: [    0.595520] pci_bus 0000:01: resource 1 [mem 0xf0500000-0xf06fffff]
Jan 11 15:06:53 HP-Laptop-15-bw0xx kernel: [    0.595521] pci_bus 0000:01: resource 2 [mem 0xf1100000-0xf12fffff 64bit pref]
Jan 11 15:06:53 HP-Laptop-15-bw0xx rsyslogd: rsyslogd's userid changed to 102
Jan 11 15:06:53 HP-Laptop-15-bw0xx kernel: [    0.595523] pci_bus 0000:02: resource 0 [io  0x3000-0x3fff]
Jan 11 15:06:53 HP-Laptop-15-bw0xx rsyslogd:  [origin software="rsyslogd" swVersion="8.32.0" x-pid="757" x-info="http://www.rsyslog.com"] start
Jan 11 15:06:53 HP-Laptop-15-bw0xx kernel: [    0.595524] pci_bus 0000:02: resource 1 [mem 0xf0300000-0xf03fffff]
Jan 11 15:06:53 HP-Laptop-15-bw0xx kernel: [    0.595525] pci_bus 0000:03: resource 0 [io  0x2000-0x2fff]
